Component: ARM Compiler 5.06 update 5 (build 528) Tool: armlink [4d35e2]

==============================================================================

Section Cross References

    startup_stm32f103xb.o(RESET) refers to startup_stm32f103xb.o(STACK) for __initial_sp
    startup_stm32f103xb.o(RESET) refers to startup_stm32f103xb.o(.text) for Reset_Handler
    startup_stm32f103xb.o(RESET) refers to stm32f1xx_it.o(i.NMI_Handler) for NMI_Handler
    startup_stm32f103xb.o(RESET) refers to stm32f1xx_it.o(i.HardFault_Handler) for HardFault_Handler
    startup_stm32f103xb.o(RESET) refers to stm32f1xx_it.o(i.MemManage_Handler) for MemManage_Handler
    startup_stm32f103xb.o(RESET) refers to stm32f1xx_it.o(i.BusFault_Handler) for BusFault_Handler
    startup_stm32f103xb.o(RESET) refers to stm32f1xx_it.o(i.UsageFault_Handler) for UsageFault_Handler
    startup_stm32f103xb.o(RESET) refers to stm32f1xx_it.o(i.DebugMon_Handler) for DebugMon_Handler
    startup_stm32f103xb.o(RESET) refers to port.o(.emb_text) for PendSV_Handler
    startup_stm32f103xb.o(RESET) refers to stm32f1xx_it.o(i.SysTick_Handler) for SysTick_Handler
    startup_stm32f103xb.o(.text) refers to system_stm32f1xx.o(i.SystemInit) for SystemInit
    startup_stm32f103xb.o(.text) refers to entry.o(.ARM.Collect$$$$00000000) for __main
    main.o(i.SystemClock_Config) refers to memseta.o(.text) for __aeabi_memclr4
    main.o(i.SystemClock_Config) refers to stm32f1xx_hal_rcc.o(i.HAL_RCC_OscConfig) for HAL_RCC_OscConfig
    main.o(i.SystemClock_Config) refers to main.o(i.Error_Handler) for Error_Handler
    main.o(i.SystemClock_Config) refers to stm32f1xx_hal_rcc.o(i.HAL_RCC_ClockConfig) for HAL_RCC_ClockConfig
    main.o(i.main) refers to stm32f1xx_hal.o(i.HAL_Init) for HAL_Init
    main.o(i.main) refers to main.o(i.SystemClock_Config) for SystemClock_Config
    main.o(i.main) refers to gpio.o(i.MX_GPIO_Init) for MX_GPIO_Init
    main.o(i.main) refers to usart.o(i.MX_USART2_UART_Init) for MX_USART2_UART_Init
    main.o(i.main) refers to tim.o(i.MX_TIM1_Init) for MX_TIM1_Init
    main.o(i.main) refers to tim.o(i.MX_TIM2_Init) for MX_TIM2_Init
    main.o(i.main) refers to tim.o(i.MX_TIM3_Init) for MX_TIM3_Init
    main.o(i.main) refers to tim.o(i.MX_TIM4_Init) for MX_TIM4_Init
    main.o(i.main) refers to spi.o(i.MX_SPI1_Init) for MX_SPI1_Init
    main.o(i.main) refers to strrchr.o(.text) for strrchr
    main.o(i.main) refers to printf8.o(i.__0printf$8) for __2printf
    main.o(i.main) refers to int_si24r1.o(i.int_SI24R1_Init) for int_SI24R1_Init
    main.o(i.main) refers to app_freertos_task.o(i.App_freeRTOS_start) for App_freeRTOS_start
    gpio.o(i.MX_GPIO_Init) refers to stm32f1xx_hal_gpio.o(i.HAL_GPIO_WritePin) for HAL_GPIO_WritePin
    gpio.o(i.MX_GPIO_Init) refers to stm32f1xx_hal_gpio.o(i.HAL_GPIO_Init) for HAL_GPIO_Init
    spi.o(i.HAL_SPI_MspDeInit) refers to stm32f1xx_hal_gpio.o(i.HAL_GPIO_DeInit) for HAL_GPIO_DeInit
    spi.o(i.HAL_SPI_MspInit) refers to stm32f1xx_hal_gpio.o(i.HAL_GPIO_Init) for HAL_GPIO_Init
    spi.o(i.MX_SPI1_Init) refers to stm32f1xx_hal_spi.o(i.HAL_SPI_Init) for HAL_SPI_Init
    spi.o(i.MX_SPI1_Init) refers to main.o(i.Error_Handler) for Error_Handler
    spi.o(i.MX_SPI1_Init) refers to spi.o(.bss) for hspi1
    tim.o(i.HAL_TIM_MspPostInit) refers to stm32f1xx_hal_gpio.o(i.HAL_GPIO_Init) for HAL_GPIO_Init
    tim.o(i.MX_TIM1_Init) refers to memseta.o(.text) for __aeabi_memclr4
    tim.o(i.MX_TIM1_Init) refers to stm32f1xx_hal_tim.o(i.HAL_TIM_Base_Init) for HAL_TIM_Base_Init
    tim.o(i.MX_TIM1_Init) refers to main.o(i.Error_Handler) for Error_Handler
    tim.o(i.MX_TIM1_Init) refers to stm32f1xx_hal_tim.o(i.HAL_TIM_ConfigClockSource) for HAL_TIM_ConfigClockSource
    tim.o(i.MX_TIM1_Init) refers to stm32f1xx_hal_tim.o(i.HAL_TIM_PWM_Init) for HAL_TIM_PWM_Init
    tim.o(i.MX_TIM1_Init) refers to stm32f1xx_hal_tim_ex.o(i.HAL_TIMEx_MasterConfigSynchronization) for HAL_TIMEx_MasterConfigSynchronization
    tim.o(i.MX_TIM1_Init) refers to stm32f1xx_hal_tim.o(i.HAL_TIM_PWM_ConfigChannel) for HAL_TIM_PWM_ConfigChannel
    tim.o(i.MX_TIM1_Init) refers to stm32f1xx_hal_tim_ex.o(i.HAL_TIMEx_ConfigBreakDeadTime) for HAL_TIMEx_ConfigBreakDeadTime
    tim.o(i.MX_TIM1_Init) refers to tim.o(i.HAL_TIM_MspPostInit) for HAL_TIM_MspPostInit
    tim.o(i.MX_TIM1_Init) refers to tim.o(.bss) for htim1
    tim.o(i.MX_TIM2_Init) refers to memseta.o(.text) for __aeabi_memclr4
    tim.o(i.MX_TIM2_Init) refers to stm32f1xx_hal_tim.o(i.HAL_TIM_Base_Init) for HAL_TIM_Base_Init
    tim.o(i.MX_TIM2_Init) refers to main.o(i.Error_Handler) for Error_Handler
    tim.o(i.MX_TIM2_Init) refers to stm32f1xx_hal_tim.o(i.HAL_TIM_ConfigClockSource) for HAL_TIM_ConfigClockSource
    tim.o(i.MX_TIM2_Init) refers to stm32f1xx_hal_tim.o(i.HAL_TIM_PWM_Init) for HAL_TIM_PWM_Init
    tim.o(i.MX_TIM2_Init) refers to stm32f1xx_hal_tim_ex.o(i.HAL_TIMEx_MasterConfigSynchronization) for HAL_TIMEx_MasterConfigSynchronization
[...]
    Removing stm32f1xx_hal_uart.o(i.UART_DMARxHalfCplt), (36 bytes).
    Removing stm32f1xx_hal_uart.o(i.UART_DMARxOnlyAbortCallback), (28 bytes).
    Removing stm32f1xx_hal_uart.o(i.UART_DMATransmitCplt), (88 bytes).
    Removing stm32f1xx_hal_uart.o(i.UART_DMATxAbortCallback), (56 bytes).
    Removing stm32f1xx_hal_uart.o(i.UART_DMATxHalfCplt), (14 bytes).
    Removing stm32f1xx_hal_uart.o(i.UART_DMATxOnlyAbortCallback), (24 bytes).
    Removing stm32f1xx_hal_uart.o(i.UART_EndTransmit_IT), (32 bytes).
    Removing stm32f1xx_hal_uart.o(i.UART_EndTxTransfer), (38 bytes).
    Removing stm32f1xx_hal_uart.o(i.UART_Receive_IT), (252 bytes).
    Removing stm32f1xx_hal_uart.o(i.UART_Start_Receive_DMA), (200 bytes).
    Removing stm32f1xx_hal_uart.o(i.UART_Start_Receive_IT), (64 bytes).
    Removing stm32f1xx_hal_uart.o(i.UART_Transmit_IT), (96 bytes).
    Removing system_stm32f1xx.o(.rev16_text), (4 bytes).
    Removing system_stm32f1xx.o(.revsh_text), (4 bytes).
    Removing system_stm32f1xx.o(.rrx_text), (6 bytes).
    Removing system_stm32f1xx.o(i.SystemCoreClockUpdate), (164 bytes).
    Removing com_debug.o(.rev16_text), (4 bytes).
    Removing com_debug.o(.revsh_text), (4 bytes).
    Removing com_debug.o(.rrx_text), (6 bytes).
    Removing event_groups.o(i.prvTestWaitCondition), (30 bytes).
    Removing event_groups.o(i.vEventGroupClearBitsCallback), (16 bytes).
    Removing event_groups.o(i.vEventGroupDelete), (42 bytes).
    Removing event_groups.o(i.vEventGroupSetBitsCallback), (16 bytes).
    Removing event_groups.o(i.xEventGroupClearBits), (32 bytes).
    Removing event_groups.o(i.xEventGroupCreate), (26 bytes).
    Removing event_groups.o(i.xEventGroupGetBitsFromISR), (44 bytes).
    Removing event_groups.o(i.xEventGroupSetBits), (146 bytes).
    Removing event_groups.o(i.xEventGroupSync), (168 bytes).
    Removing event_groups.o(i.xEventGroupWaitBits), (204 bytes).
    Removing list.o(i.vListInsertEnd), (24 bytes).
    Removing queue.o(i.prvCopyDataFromQueue), (42 bytes).
    Removing queue.o(i.prvCopyDataToQueue), (106 bytes).
    Removing queue.o(i.prvInitialiseNewQueue), (38 bytes).
    Removing queue.o(i.prvIsQueueEmpty), (26 bytes).
    Removing queue.o(i.prvIsQueueFull), (30 bytes).
    Removing queue.o(i.prvUnlockQueue), (126 bytes).
    Removing queue.o(i.uxQueueMessagesWaiting), (18 bytes).
    Removing queue.o(i.uxQueueMessagesWaitingFromISR), (8 bytes).
    Removing queue.o(i.uxQueueSpacesAvailable), (24 bytes).
    Removing queue.o(i.vQueueDelete), (14 bytes).
    Removing queue.o(i.xQueueGenericCreate), (76 bytes).
    Removing queue.o(i.xQueueGenericReset), (160 bytes).
    Removing queue.o(i.xQueueGenericSend), (280 bytes).
    Removing queue.o(i.xQueueGenericSendFromISR), (152 bytes).
    Removing queue.o(i.xQueueGiveFromISR), (132 bytes).
    Removing queue.o(i.xQueueIsQueueEmptyFromISR), (16 bytes).
    Removing queue.o(i.xQueueIsQueueFullFromISR), (22 bytes).
    Removing queue.o(i.xQueuePeek), (268 bytes).
    Removing queue.o(i.xQueuePeekFromISR), (74 bytes).
    Removing queue.o(i.xQueueReceive), (260 bytes).
    Removing queue.o(i.xQueueReceiveFromISR), (140 bytes).
    Removing queue.o(i.xQueueSemaphoreTake), (240 bytes).
    Removing stream_buffer.o(i.prvBytesInBuffer), (24 bytes).
    Removing stream_buffer.o(i.prvInitialiseNewStreamBuffer), (42 bytes).
    Removing stream_buffer.o(i.prvReadBytesFromBuffer), (76 bytes).
    Removing stream_buffer.o(i.prvReadMessageFromBuffer), (90 bytes).
    Removing stream_buffer.o(i.prvWriteBytesToBuffer), (76 bytes).
    Removing stream_buffer.o(i.prvWriteMessageToBuffer), (88 bytes).
    Removing stream_buffer.o(i.vStreamBufferDelete), (32 bytes).
    Removing stream_buffer.o(i.xStreamBufferBytesAvailable), (18 bytes).
    Removing stream_buffer.o(i.xStreamBufferGenericCreate), (82 bytes).
    Removing stream_buffer.o(i.xStreamBufferIsEmpty), (22 bytes).
    Removing stream_buffer.o(i.xStreamBufferIsFull), (40 bytes).
    Removing stream_buffer.o(i.xStreamBufferNextMessageLengthBytes), (52 bytes).
    Removing stream_buffer.o(i.xStreamBufferReceive), (176 bytes).
    Removing stream_buffer.o(i.xStreamBufferReceiveCompletedFromISR), (80 bytes).
    Removing stream_buffer.o(i.xStreamBufferReceiveFromISR), (132 bytes).
    Removing stream_buffer.o(i.xStreamBufferReset), (56 bytes).
    Removing stream_buffer.o(i.xStreamBufferSend), (226 bytes).
    Removing stream_buffer.o(i.xStreamBufferSendCompletedFromISR), (80 bytes).
    Removing stream_buffer.o(i.xStreamBufferSendFromISR), (134 bytes).
    Removing stream_buffer.o(i.xStreamBufferSetTriggerLevel), (26 bytes).
    Removing stream_buffer.o(i.xStreamBufferSpacesAvailable), (40 bytes).
    Removing tasks.o(i.pcTaskGetName), (24 bytes).
    Removing tasks.o(i.prvTaskIsTaskSuspended), (64 bytes).
    Removing tasks.o(i.ulTaskGenericNotifyTake), (136 bytes).
    Removing tasks.o(i.ulTaskGenericNotifyValueClear), (64 bytes).
    Removing tasks.o(i.uxTaskGetNumberOfTasks), (12 bytes).
    Removing tasks.o(i.uxTaskPriorityGet), (36 bytes).
    Removing tasks.o(i.uxTaskPriorityGetFromISR), (56 bytes).
    Removing tasks.o(i.uxTaskResetEventItemValue), (28 bytes).
    Removing tasks.o(i.vTaskDelete), (212 bytes).
    Removing tasks.o(i.vTaskEndScheduler), (36 bytes).
    Removing tasks.o(i.vTaskGenericNotifyGiveFromISR), (336 bytes).
    Removing tasks.o(i.vTaskInternalSetTimeOutState), (24 bytes).
    Removing tasks.o(i.vTaskMissedYield), (12 bytes).
    Removing tasks.o(i.vTaskPlaceOnEventList), (32 bytes).
    Removing tasks.o(i.vTaskPlaceOnUnorderedEventList), (80 bytes).
    Removing tasks.o(i.vTaskPrioritySet), (284 bytes).
    Removing tasks.o(i.vTaskRemoveFromUnorderedEventList), (208 bytes).
    Removing tasks.o(i.vTaskResume), (172 bytes).
    Removing tasks.o(i.vTaskSetTimeOutState), (36 bytes).
    Removing tasks.o(i.vTaskSuspend), (216 bytes).
    Removing tasks.o(i.xTaskCatchUpTicks), (40 bytes).
    Removing tasks.o(i.xTaskCheckForTimeOut), (96 bytes).
    Removing tasks.o(i.xTaskGenericNotify), (332 bytes).
    Removing tasks.o(i.xTaskGenericNotifyFromISR), (504 bytes).
    Removing tasks.o(i.xTaskGenericNotifyStateClear), (64 bytes).
    Removing tasks.o(i.xTaskGenericNotifyWait), (172 bytes).
    Removing tasks.o(i.xTaskGetCurrentTaskHandle), (12 bytes).
    Removing tasks.o(i.xTaskGetTickCountFromISR), (12 bytes).
    Removing tasks.o(i.xTaskRemoveFromEventList), (264 bytes).
    Removing tasks.o(i.xTaskResumeFromISR), (216 bytes).
    Removing heap_4.o(i.pvPortCalloc), (54 bytes).
    Removing heap_4.o(i.vPortGetHeapStats), (128 bytes).
    Removing heap_4.o(i.vPortInitialiseBlocks), (2 bytes).
    Removing heap_4.o(i.xPortGetFreeHeapSize), (12 bytes).
    Removing heap_4.o(i.xPortGetMinimumEverFreeHeapSize), (12 bytes).
    Removing port.o(i.vPortEndScheduler), (2 bytes).
    Removing app_freertos_task.o(.rev16_text), (4 bytes).
    Removing app_freertos_task.o(.revsh_text), (4 bytes).
    Removing app_freertos_task.o(.rrx_text), (6 bytes).
    Removing int_ip5305t.o(.rev16_text), (4 bytes).
    Removing int_ip5305t.o(.revsh_text), (4 bytes).
    Removing int_ip5305t.o(.rrx_text), (6 bytes).
    Removing int_motor.o(.rev16_text), (4 bytes).
    Removing int_motor.o(.revsh_text), (4 bytes).
    Removing int_motor.o(.rrx_text), (6 bytes).
    Removing int_motor.o(i.motor_start), (14 bytes).
    Removing int_led.o(.rev16_text), (4 bytes).
    Removing int_led.o(.revsh_text), (4 bytes).
    Removing int_led.o(.rrx_text), (6 bytes).
    Removing int_si24r1.o(.rev16_text), (4 bytes).
    Removing int_si24r1.o(.revsh_text), (4 bytes).
    Removing int_si24r1.o(.rrx_text), (6 bytes).
    Removing int_si24r1.o(i.int_SI24R1_RX_Mode), (100 bytes).
    Removing int_si24r1.o(i.int_SI24R1_TX_Mode), (104 bytes).
    Removing int_si24r1.o(i.int_SI24R1_TxPacket), (120 bytes).
    Removing dadd.o(.text), (334 bytes).
    Removing dmul.o(.text), (228 bytes).
    Removing ddiv.o(.text), (222 bytes).
    Removing dfixul.o(.text), (48 bytes).
    Removing cdrcmple.o(.text), (48 bytes).
    Removing depilogue.o(.text), (186 bytes).

568 unused section(s) (total 49878 bytes) removed from the image.

==============================================================================

Image Symbol Table

    Local Symbols

    Symbol Name                              Value     Ov Type        Size  Object(Section)

    ../Core/Src/gpio.c                       0x00000000   Number         0  gpio.o ABSOLUTE
    ../Core/Src/main.c                       0x00000000   Number         0  main.o ABSOLUTE
    ../Core/Src/spi.c                        0x00000000   Number         0  spi.o ABSOLUTE
    ../Core/Src/stm32f1xx_hal_msp.c          0x00000000   Number         0  stm32f1xx_hal_msp.o ABSOLUTE
    ../Core/Src/stm32f1xx_it.c               0x00000000   Number         0  stm32f1xx_it.o ABSOLUTE
    ../Core/Src/system_stm32f1xx.c           0x00000000   Number         0  system_stm32f1xx.o ABSOLUTE
    ../Core/Src/tim.c                        0x00000000   Number         0  tim.o ABSOLUTE
    ../Core/Src/usart.c                      0x00000000   Number         0  usart.o ABSOLUTE
    ../Drivers/STM32F1xx_HAL_Driver/Src/stm32f1xx_hal.c 0x00000000   Number         0  stm32f1xx_hal.o ABSOLUTE
    ../Drivers/STM32F1xx_HAL_Driver/Src/stm32f1xx_hal_cortex.c 0x00000000   Number         0  stm32f1xx_hal_cortex.o ABSOLUTE
    ../Drivers/STM32F1xx_HAL_Driver/Src/stm32f1xx_hal_dma.c 0x00000000   Number         0  stm32f1xx_hal_dma.o ABSOLUTE
    ../Drivers/STM32F1xx_HAL_Driver/Src/stm32f1xx_hal_exti.c 0x00000000   Number         0  stm32f1xx_hal_exti.o ABSOLUTE
    ../Drivers/STM32F1xx_HAL_Driver/Src/stm32f1xx_hal_flash.c 0x00000000   Number         0  stm32f1xx_hal_flash.o ABSOLUTE
    ../Drivers/STM32F1xx_HAL_Driver/Src/stm32f1xx_hal_flash_ex.c 0x00000000   Number         0  stm32f1xx_hal_flash_ex.o ABSOLUTE
    ../Drivers/STM32F1xx_HAL_Driver/Src/stm32f1xx_hal_gpio.c 0x00000000   Number         0  stm32f1xx_hal_gpio.o ABSOLUTE
    ../Drivers/STM32F1xx_HAL_Driver/Src/stm32f1xx_hal_gpio_ex.c 0x00000000   Number         0  stm32f1xx_hal_gpio_ex.o ABSOLUTE
    ../Drivers/STM32F1xx_HAL_Driver/Src/stm32f1xx_hal_pwr.c 0x00000000   Number         0  stm32f1xx_hal_pwr.o ABSOLUTE
    ../Drivers/STM32F1xx_HAL_Driver/Src/stm32f1xx_hal_rcc.c 0x00000000   Number         0  stm32f1xx_hal_rcc.o ABSOLUTE
    ../Drivers/STM32F1xx_HAL_Driver/Src/stm32f1xx_hal_rcc_ex.c 0x00000000   Number         0  stm32f1xx_hal_rcc_ex.o ABSOLUTE
    ../Drivers/STM32F1xx_HAL_Driver/Src/stm32f1xx_hal_spi.c 0x00000000   Number         0  stm32f1xx_hal_spi.o ABSOLUTE
    ../Drivers/STM32F1xx_HAL_Driver/Src/stm32f1xx_hal_tim.c 0x00000000   Number         0  stm32f1xx_hal_tim.o ABSOLUTE
    ../Drivers/STM32F1xx_HAL_Driver/Src/stm32f1xx_hal_tim_ex.c 0x00000000   Number         0  stm32f1xx_hal_tim_ex.o ABSOLUTE
    ../Drivers/STM32F1xx_HAL_Driver/Src/stm32f1xx_hal_uart.c 0x00000000   Number         0  stm32f1xx_hal_uart.o ABSOLUTE
    ../clib/microlib/division.c              0x00000000   Number         0  uidiv.o ABSOLUTE
    ../clib/microlib/division.c              0x00000000   Number         0  uldiv.o ABSOLUTE
    ../clib/microlib/init/entry.s            0x00000000   Number         0  entry.o ABSOLUTE
    ../clib/microlib/init/entry.s            0x00000000   Number         0  entry8b.o ABSOLUTE
    ../clib/microlib/init/entry.s            0x00000000   Number         0  entry8a.o ABSOLUTE
    ../clib/microlib/init/entry.s            0x00000000   Number         0  entry11b.o ABSOLUTE
    ../clib/microlib/init/entry.s            0x00000000   Number         0  entry7b.o ABSOLUTE
    ../clib/microlib/init/entry.s            0x00000000   Number         0  entry7a.o ABSOLUTE
    ../clib/microlib/init/entry.s            0x00000000   Number         0  entry5.o ABSOLUTE
    ../clib/microlib/init/entry.s            0x00000000   Number         0  entry11a.o ABSOLUTE
    ../clib/microlib/init/entry.s            0x00000000   Number         0  entry10b.o ABSOLUTE
    ../clib/microlib/init/entry.s            0x00000000   Number         0  entry2.o ABSOLUTE
    ../clib/microlib/init/entry.s            0x00000000   Number         0  entry10a.o ABSOLUTE
    ../clib/microlib/init/entry.s            0x00000000   Number         0  entry9b.o ABSOLUTE
    ../clib/microlib/init/entry.s            0x00000000   Number         0  entry9a.o ABSOLUTE
    ../clib/microlib/longlong.c              0x00000000   Number         0  llsshr.o ABSOLUTE
    ../clib/microlib/longlong.c              0x00000000   Number         0  llushr.o ABSOLUTE
    ../clib/microlib/longlong.c              0x00000000   Number         0  llshl.o ABSOLUTE
    ../clib/microlib/printf/printf.c         0x00000000   Number         0  printf0.o ABSOLUTE
    ../clib/microlib/printf/printf.c         0x00000000   Number         0  printfb.o ABSOLUTE
    ../clib/microlib/printf/printf.c         0x00000000   Number         0  printf1.o ABSOLUTE
    ../clib/microlib/printf/printf.c         0x00000000   Number         0  printf2.o ABSOLUTE
    ../clib/microlib/printf/printf.c         0x00000000   Number         0  printf3.o ABSOLUTE
    ../clib/microlib/printf/printf.c         0x00000000   Number         0  printf4.o ABSOLUTE
    ../clib/microlib/printf/printf.c         0x00000000   Number         0  printf6.o ABSOLUTE
    ../clib/microlib/printf/printf.c         0x00000000   Number         0  printfa.o ABSOLUTE
    ../clib/microlib/printf/printf.c         0x00000000   Number         0  printf7.o ABSOLUTE
    ../clib/microlib/printf/printf.c         0x00000000   Number         0  printf8.o ABSOLUTE
    ../clib/microlib/printf/printf.c         0x00000000   Number         0  printf5.o ABSOLUTE
    ../clib/microlib/printf/stubs.s          0x00000000   Number         0  stubs.o ABSOLUTE
    ../clib/microlib/stdio/streams.c         0x00000000   Number         0  stdout.o ABSOLUTE
    ../clib/microlib/string/memcpy.c         0x00000000   Number         0  memcpyb.o ABSOLUTE
    ../clib/microlib/string/memcpy.c         0x00000000   Number         0  memcpya.o ABSOLUTE
    ../clib/microlib/string/memset.c         0x00000000   Number         0  memseta.o ABSOLUTE
    ../clib/microlib/string/strrchr.c        0x00000000   Number         0  strrchr.o ABSOLUTE
    ../clib/microlib/stubs.s                 0x00000000   Number         0  iusefp.o ABSOLUTE
    ../fplib/microlib/fpadd.c                0x00000000   Number         0  dadd.o ABSOLUTE
    ../fplib/microlib/fpdiv.c                0x00000000   Number         0  ddiv.o ABSOLUTE
    ../fplib/microlib/fpepilogue.c           0x00000000   Number         0  depilogue.o ABSOLUTE
    ../fplib/microlib/fpfix.c                0x00000000   Number         0  dfixul.o ABSOLUTE
    ../fplib/microlib/fpmul.c                0x00000000   Number         0  dmul.o ABSOLUTE
    ..\Core\Src\gpio.c                       0x00000000   Number         0  gpio.o ABSOLUTE
    ..\Core\Src\main.c                       0x00000000   Number         0  main.o ABSOLUTE
    ..\Core\Src\spi.c                        0x00000000   Number         0  spi.o ABSOLUTE
    ..\Core\Src\stm32f1xx_hal_msp.c          0x00000000   Number         0  stm32f1xx_hal_msp.o ABSOLUTE
    ..\Core\Src\stm32f1xx_it.c               0x00000000   Number         0  stm32f1xx_it.o ABSOLUTE
    ..\Core\Src\system_stm32f1xx.c           0x00000000   Number         0  system_stm32f1xx.o ABSOLUTE
    ..\Core\Src\tim.c                        0x00000000   Number         0  tim.o ABSOLUTE
    ..\Core\Src\usart.c                      0x00000000   Number         0  usart.o ABSOLUTE
    ..\Drivers\STM32F1xx_HAL_Driver\Src\stm32f1xx_hal.c 0x00000000   Number         0  stm32f1xx_hal.o ABSOLUTE
    ..\Drivers\STM32F1xx_HAL_Driver\Src\stm32f1xx_hal_cortex.c 0x00000000   Number         0  stm32f1xx_hal_cortex.o ABSOLUTE
    ..\Drivers\STM32F1xx_HAL_Driver\Src\stm32f1xx_hal_dma.c 0x00000000   Number         0  stm32f1xx_hal_dma.o ABSOLUTE
    ..\Drivers\STM32F1xx_HAL_Driver\Src\stm32f1xx_hal_exti.c 0x00000000   Number         0  stm32f1xx_hal_exti.o ABSOLUTE
    ..\Drivers\STM32F1xx_HAL_Driver\Src\stm32f1xx_hal_flash.c 0x00000000   Number         0  stm32f1xx_hal_flash.o ABSOLUTE
    ..\Drivers\STM32F1xx_HAL_Driver\Src\stm32f1xx_hal_flash_ex.c 0x00000000   Number         0  stm32f1xx_hal_flash_ex.o ABSOLUTE
    ..\Drivers\STM32F1xx_HAL_Driver\Src\stm32f1xx_hal_gpio.c 0x00000000   Number         0  stm32f1xx_hal_gpio.o ABSOLUTE
    ..\Drivers\STM32F1xx_HAL_Driver\Src\stm32f1xx_hal_gpio_ex.c 0x00000000   Number         0  stm32f1xx_hal_gpio_ex.o ABSOLUTE
    ..\Drivers\STM32F1xx_HAL_Driver\Src\stm32f1xx_hal_pwr.c 0x00000000   Number         0  stm32f1xx_hal_pwr.o ABSOLUTE
    ..\Drivers\STM32F1xx_HAL_Driver\Src\stm32f1xx_hal_rcc.c 0x00000000   Number         0  stm32f1xx_hal_rcc.o ABSOLUTE
    ..\Drivers\STM32F1xx_HAL_Driver\Src\stm32f1xx_hal_rcc_ex.c 0x00000000   Number         0  stm32f1xx_hal_rcc_ex.o ABSOLUTE
    ..\Drivers\STM32F1xx_HAL_Driver\Src\stm32f1xx_hal_spi.c 0x00000000   Number         0  stm32f1xx_hal_spi.o ABSOLUTE
    ..\Drivers\STM32F1xx_HAL_Driver\Src\stm32f1xx_hal_tim.c 0x00000000   Number         0  stm32f1xx_hal_tim.o ABSOLUTE
    ..\Drivers\STM32F1xx_HAL_Driver\Src\stm32f1xx_hal_tim_ex.c 0x00000000   Number         0  stm32f1xx_hal_tim_ex.o ABSOLUTE
    ..\Drivers\STM32F1xx_HAL_Driver\Src\stm32f1xx_hal_uart.c 0x00000000   Number         0  stm32f1xx_hal_uart.o ABSOLUTE
    ..\\common\\Com_debug.c                  0x00000000   Number         0  com_debug.o ABSOLUTE
    ..\common\Com_debug.c                    0x00000000   Number         0  com_debug.o ABSOLUTE
    Application\App_freeRTOS_Task.c          0x00000000   Number         0  app_freertos_task.o ABSOLUTE
    Application\App_recieve_data.c           0x00000000   Number         0  app_recieve_data.o ABSOLUTE
    Application\\App_freeRTOS_Task.c         0x00000000   Number         0  app_freertos_task.o ABSOLUTE
    cdrcmple.s                               0x00000000   Number         0  cdrcmple.o ABSOLUTE
    dc.s                                     0x00000000   Number         0  dc.o ABSOLUTE
    freeRTOS\\portable\\port.c               0x00000000   Number         0  port.o ABSOLUTE
    freeRTOS\croutine.c                      0x00000000   Number         0  croutine.o ABSOLUTE
    freeRTOS\event_groups.c                  0x00000000   Number         0  event_groups.o ABSOLUTE
    freeRTOS\list.c                          0x00000000   Number         0  list.o ABSOLUTE
    freeRTOS\portable\heap_4.c               0x00000000   Number         0  heap_4.o ABSOLUTE
    freeRTOS\portable\port.c                 0x00000000   Number         0  port.o ABSOLUTE
    freeRTOS\queue.c                         0x00000000   Number         0  queue.o ABSOLUTE
    freeRTOS\stream_buffer.c                 0x00000000   Number         0  stream_buffer.o ABSOLUTE
    freeRTOS\tasks.c                         0x00000000   Number         0  tasks.o ABSOLUTE
    freeRTOS\timers.c                        0x00000000   Number         0  timers.o ABSOLUTE
    handlers.s                               0x00000000   Number         0  handlers.o ABSOLUTE
    init.s                                   0x00000000   Number         0  init.o ABSOLUTE
    interface\Int_IP5305T.c                  0x00000000   Number         0  int_ip5305t.o ABSOLUTE
    interface\\Int_IP5305T.c                 0x00000000   Number         0  int_ip5305t.o ABSOLUTE
    interface\\int_SI24R1.c                  0x00000000   Number         0  int_si24r1.o ABSOLUTE
    interface\\int_led.c                     0x00000000   Number         0  int_led.o ABSOLUTE
    interface\\int_motor.c                   0x00000000   Number         0  int_motor.o ABSOLUTE
    interface\int_SI24R1.c                   0x00000000   Number         0  int_si24r1.o ABSOLUTE
    interface\int_led.c                      0x00000000   Number         0  int_led.o ABSOLUTE
    interface\int_motor.c                    0x00000000   Number         0  int_motor.o ABSOLUTE
    startup_stm32f103xb.s                    0x00000000   Number         0  startup_stm32f103xb.o ABSOLUTE
    RESET                                    0x08000000   Section      236  startup_stm32f103xb.o(RESET)
    .ARM.Collect$$$$00000000                 0x080000ec   Section        0  entry.o(.ARM.Collect$$$$00000000)
    .ARM.Collect$$$$00000001                 0x080000ec   Section        4  entry2.o(.ARM.Collect$$$$00000001)
    .ARM.Collect$$$$00000004                 0x080000f0   Section        4  entry5.o(.ARM.Collect$$$$00000004)
    .ARM.Collect$$$$00000008                 0x080000f4   Section        0  entry7b.o(.ARM.Collect$$$$00000008)
    .ARM.Collect$$$$0000000A                 0x080000f4   Section        0  entry8b.o(.ARM.Collect$$$$0000000A)
    .ARM.Collect$$$$0000000B                 0x080000f4   Section        8  entry9a.o(.ARM.Collect$$$$0000000B)
    .ARM.Collect$$$$0000000D                 0x080000fc   Section        0  entry10a.o(.ARM.Collect$$$$0000000D)
    .ARM.Collect$$$$0000000F                 0x080000fc   Section        0  entry11a.o(.ARM.Collect$$$$0000000F)
    .ARM.Collect$$$$00002712                 0x080000fc   Section        4  entry2.o(.ARM.Collect$$$$00002712)
    __lit__00000000                          0x080000fc   Data           4  entry2.o(.ARM.Collect$$$$00002712)
    .emb_text                                0x08000100   Section      150  port.o(.emb_text)
    .text                                    0x08000198   Section       36  startup_stm32f103xb.o(.text)
    .text                                    0x080001bc   Section        0  llushr.o(.text)
    .text                                    0x080001dc   Section        0  memseta.o(.text)
    .text                                    0x08000200   Section        0  strrchr.o(.text)
    .text                                    0x08000220   Section        0  uldiv.o(.text)
    .text                                    0x08000284   Section       36  init.o(.text)
    .text                                    0x080002a8   Section        0  llshl.o(.text)
    i.App_freeRTOS_start                     0x080002c8   Section        0  app_freertos_task.o(i.App_freeRTOS_start)
    i.BusFault_Handler                       0x08000370   Section        0  stm32f1xx_it.o(i.BusFault_Handler)
    i.DebugMon_Handler                       0x08000374   Section        0  stm32f1xx_it.o(i.DebugMon_Handler)
    i.Error_Handler                          0x08000376   Section        0  main.o(i.Error_Handler)
    i.HAL_Delay                              0x0800037c   Section        0  stm32f1xx_hal.o(i.HAL_Delay)
    i.HAL_GPIO_Init                          0x080003a4   Section        0  stm32f1xx_hal_gpio.o(i.HAL_GPIO_Init)
    i.HAL_GPIO_TogglePin                     0x080006c4   Section        0  stm32f1xx_hal_gpio.o(i.HAL_GPIO_TogglePin)
    i.HAL_GPIO_WritePin                      0x080006d8   Section        0  stm32f1xx_hal_gpio.o(i.HAL_GPIO_WritePin)
    i.HAL_GetTick                            0x080006e4   Section        0  stm32f1xx_hal.o(i.HAL_GetTick)
    i.HAL_IncTick                            0x080006f0   Section        0  stm32f1xx_hal.o(i.HAL_IncTick)
    i.HAL_Init                               0x08000708   Section        0  stm32f1xx_hal.o(i.HAL_Init)
    i.HAL_InitTick                           0x08000730   Section        0  stm32f1xx_hal.o(i.HAL_InitTick)
    i.HAL_MspInit                            0x0800077c   Section        0  stm32f1xx_hal_msp.o(i.HAL_MspInit)
    i.HAL_NVIC_SetPriority                   0x080007d0   Section        0  stm32f1xx_hal_cortex.o(i.HAL_NVIC_SetPriority)
    i.HAL_NVIC_SetPriorityGrouping           0x0800084c   Section        0  stm32f1xx_hal_cortex.o(i.HAL_NVIC_SetPriorityGrouping)
    i.HAL_RCC_ClockConfig                    0x08000874   Section        0  stm32f1xx_hal_rcc.o(i.HAL_RCC_ClockConfig)
    i.HAL_RCC_GetHCLKFreq                    0x08000a00   Section        0  stm32f1xx_hal_rcc.o(i.HAL_RCC_GetHCLKFreq)
    i.HAL_RCC_GetPCLK1Freq                   0x08000a0c   Section        0  stm32f1xx_hal_rcc.o(i.HAL_RCC_GetPCLK1Freq)
    i.HAL_RCC_GetPCLK2Freq                   0x08000a2c   Section        0  stm32f1xx_hal_rcc.o(i.HAL_RCC_GetPCLK2Freq)
    i.HAL_RCC_GetSysClockFreq                0x08000a4c   Section        0  stm32f1xx_hal_rcc.o(i.HAL_RCC_GetSysClockFreq)
    i.HAL_RCC_OscConfig                      0x08000abc   Section        0  stm32f1xx_hal_rcc.o(i.HAL_RCC_OscConfig)
    i.HAL_SPI_Init                           0x08000f20   Section        0  stm32f1xx_hal_spi.o(i.HAL_SPI_Init)
    i.HAL_SPI_MspInit                        0x08000fe0   Section        0  spi.o(i.HAL_SPI_MspInit)
    i.HAL_SPI_TransmitReceive                0x08001064   Section        0  stm32f1xx_hal_spi.o(i.HAL_SPI_TransmitReceive)
    i.HAL_SYSTICK_Config                     0x080012ac   Section        0  stm32f1xx_hal_cortex.o(i.HAL_SYSTICK_Config)
    i.HAL_TIMEx_ConfigBreakDeadTime          0x080012e0   Section        0  stm32f1xx_hal_tim_ex.o(i.HAL_TIMEx_ConfigBreakDeadTime)
    i.HAL_TIMEx_MasterConfigSynchronization  0x08001354   Section        0  stm32f1xx_hal_tim_ex.o(i.HAL_TIMEx_MasterConfigSynchronization)
    i.HAL_TIM_Base_Init                      0x080013d8   Section        0  stm32f1xx_hal_tim.o(i.HAL_TIM_Base_Init)
    i.HAL_TIM_Base_MspInit                   0x08001440   Section        0  tim.o(i.HAL_TIM_Base_MspInit)
    i.HAL_TIM_ConfigClockSource              0x080014e4   Section        0  stm32f1xx_hal_tim.o(i.HAL_TIM_ConfigClockSource)
    i.HAL_TIM_MspPostInit                    0x080015f0   Section        0  tim.o(i.HAL_TIM_MspPostInit)
    i.HAL_TIM_PWM_ConfigChannel              0x08001710   Section        0  stm32f1xx_hal_tim.o(i.HAL_TIM_PWM_ConfigChannel)
    i.HAL_TIM_PWM_Init                       0x08001814   Section        0  stm32f1xx_hal_tim.o(i.HAL_TIM_PWM_Init)
    i.HAL_TIM_PWM_MspInit                    0x0800187a   Section        0  stm32f1xx_hal_tim.o(i.HAL_TIM_PWM_MspInit)
    i.HAL_UART_Init                          0x0800187c   Section        0  stm32f1xx_hal_uart.o(i.HAL_UART_Init)
    i.HAL_UART_MspInit                       0x080018f4   Section        0  usart.o(i.HAL_UART_MspInit)
    i.HAL_UART_Transmit                      0x08001978   Section        0  stm32f1xx_hal_uart.o(i.HAL_UART_Transmit)
    i.HardFault_Handler                      0x08001a36   Section        0  stm32f1xx_it.o(i.HardFault_Handler)
    i.IP5305T_start                          0x08001a3c   Section        0  int_ip5305t.o(i.IP5305T_start)
    i.Int_led_toggle                         0x08001a60   Section        0  int_led.o(i.Int_led_toggle)
    i.Int_motor_set_speed                    0x08001a70   Section        0  int_motor.o(i.Int_motor_set_speed)
    i.LED_task                               0x08001b10   Section        0  app_freertos_task.o(i.LED_task)
    i.LED_turn_off                           0x08001be4   Section        0  int_led.o(i.LED_turn_off)
    i.LED_turn_on                            0x08001bf4   Section        0  int_led.o(i.LED_turn_on)
    i.MX_GPIO_Init                           0x08001c04   Section        0  gpio.o(i.MX_GPIO_Init)
    i.MX_SPI1_Init                           0x08001ce4   Section        0  spi.o(i.MX_SPI1_Init)
    i.MX_TIM1_Init                           0x08001d28   Section        0  tim.o(i.MX_TIM1_Init)
    i.MX_TIM2_Init                           0x08001e00   Section        0  tim.o(i.MX_TIM2_Init)
    i.MX_TIM3_Init                           0x08001ea4   Section        0  tim.o(i.MX_TIM3_Init)
    i.MX_TIM4_Init                           0x08001f48   Section        0  tim.o(i.MX_TIM4_Init)
    i.MX_USART2_UART_Init                    0x08001fec   Section        0  usart.o(i.MX_USART2_UART_Init)
    i.MemManage_Handler                      0x08002024   Section        0  stm32f1xx_it.o(i.MemManage_Handler)
    i.NMI_Handler                            0x08002028   Section        0  stm32f1xx_it.o(i.NMI_Handler)
    i.RCC_Delay                              0x0800202c   Section        0  stm32f1xx_hal_rcc.o(i.RCC_Delay)
    RCC_Delay                                0x0800202d   Thumb Code    36  stm32f1xx_hal_rcc.o(i.RCC_Delay)
    i.SPI_EndRxTxTransaction                 0x08002054   Section        0  stm32f1xx_hal_spi.o(i.SPI_EndRxTxTransaction)
    SPI_EndRxTxTransaction                   0x08002055   Thumb Code    68  stm32f1xx_hal_spi.o(i.SPI_EndRxTxTransaction)
    i.SPI_RW                                 0x08002098   Section        0  int_si24r1.o(i.SPI_RW)
    SPI_RW                                   0x08002099   Thumb Code    28  int_si24r1.o(i.SPI_RW)
    i.SPI_WaitFlagStateUntilTimeout          0x080020b8   Section        0  stm32f1xx_hal_spi.o(i.SPI_WaitFlagStateUntilTimeout)
    SPI_WaitFlagStateUntilTimeout            0x080020b9   Thumb Code   210  stm32f1xx_hal_spi.o(i.SPI_WaitFlagStateUntilTimeout)
    i.SysTick_Handler                        0x08002190   Section        0  stm32f1xx_it.o(i.SysTick_Handler)
    i.SystemClock_Config                     0x080021a4   Section        0  main.o(i.SystemClock_Config)
    i.SystemInit                             0x0800220a   Section        0  system_stm32f1xx.o(i.SystemInit)
    i.TIM_Base_SetConfig                     0x0800220c   Section        0  stm32f1xx_hal_tim.o(i.TIM_Base_SetConfig)
    i.TIM_ETR_SetConfig                      0x08002290   Section        0  stm32f1xx_hal_tim.o(i.TIM_ETR_SetConfig)
    i.TIM_ITRx_SetConfig                     0x080022a6   Section        0  stm32f1xx_hal_tim.o(i.TIM_ITRx_SetConfig)
    TIM_ITRx_SetConfig                       0x080022a7   Thumb Code    18  stm32f1xx_hal_tim.o(i.TIM_ITRx_SetConfig)
    i.TIM_OC1_SetConfig                      0x080022b8   Section        0  stm32f1xx_hal_tim.o(i.TIM_OC1_SetConfig)
    TIM_OC1_SetConfig                        0x080022b9   Thumb Code    90  stm32f1xx_hal_tim.o(i.TIM_OC1_SetConfig)
    i.TIM_OC2_SetConfig                      0x08002318   Section        0  stm32f1xx_hal_tim.o(i.TIM_OC2_SetConfig)
    i.TIM_OC3_SetConfig                      0x08002380   Section        0  stm32f1xx_hal_tim.o(i.TIM_OC3_SetConfig)
    TIM_OC3_SetConfig                        0x08002381   Thumb Code    98  stm32f1xx_hal_tim.o(i.TIM_OC3_SetConfig)
    i.TIM_OC4_SetConfig                      0x080023e8   Section        0  stm32f1xx_hal_tim.o(i.TIM_OC4_SetConfig)
    TIM_OC4_SetConfig                        0x080023e9   Thumb Code    68  stm32f1xx_hal_tim.o(i.TIM_OC4_SetConfig)
    i.TIM_TI1_ConfigInputStage               0x08002430   Section        0  stm32f1xx_hal_tim.o(i.TIM_TI1_ConfigInputStage)
    TIM_TI1_ConfigInputStage                 0x08002431   Thumb Code    38  stm32f1xx_hal_tim.o(i.TIM_TI1_ConfigInputStage)
    i.TIM_TI2_ConfigInputStage               0x08002456   Section        0  stm32f1xx_hal_tim.o(i.TIM_TI2_ConfigInputStage)
    TIM_TI2_ConfigInputStage                 0x08002457   Thumb Code    40  stm32f1xx_hal_tim.o(i.TIM_TI2_ConfigInputStage)
    i.UART_EndRxTransfer                     0x0800247e   Section        0  stm32f1xx_hal_uart.o(i.UART_EndRxTransfer)
    UART_EndRxTransfer                       0x0800247f   Thumb Code   108  stm32f1xx_hal_uart.o(i.UART_EndRxTransfer)
    i.UART_SetConfig                         0x080024ec   Section        0  stm32f1xx_hal_uart.o(i.UART_SetConfig)
    UART_SetConfig                           0x080024ed   Thumb Code   248  stm32f1xx_hal_uart.o(i.UART_SetConfig)
    i.UART_WaitOnFlagUntilTimeout            0x080025e8   Section        0  stm32f1xx_hal_uart.o(i.UART_WaitOnFlagUntilTimeout)
    UART_WaitOnFlagUntilTimeout              0x080025e9   Thumb Code   140  stm32f1xx_hal_uart.o(i.UART_WaitOnFlagUntilTimeout)
    i.UsageFault_Handler                     0x08002674   Section        0  stm32f1xx_it.o(i.UsageFault_Handler)
    i.__0printf$8                            0x08002678   Section        0  printf8.o(i.__0printf$8)
    i.__NVIC_GetPriorityGrouping             0x08002698   Section        0  stm32f1xx_hal_cortex.o(i.__NVIC_GetPriorityGrouping)
    __NVIC_GetPriorityGrouping               0x08002699   Thumb Code    10  stm32f1xx_hal_cortex.o(i.__NVIC_GetPriorityGrouping)
    i.__NVIC_SetPriority                     0x080026a8   Section        0  stm32f1xx_hal_cortex.o(i.__NVIC_SetPriority)
    __NVIC_SetPriority                       0x080026a9   Thumb Code    32  stm32f1xx_hal_cortex.o(i.__NVIC_SetPriority)
    i.__scatterload_copy                     0x080026d0   Section       14  handlers.o(i.__scatterload_copy)
    i.__scatterload_null                     0x080026de   Section        2  handlers.o(i.__scatterload_null)
    i.__scatterload_zeroinit                 0x080026e0   Section       14  handlers.o(i.__scatterload_zeroinit)
    i._printf_core                           0x080026f0   Section        0  printf8.o(i._printf_core)
    _printf_core                             0x080026f1   Thumb Code   996  printf8.o(i._printf_core)
    i._printf_post_padding                   0x08002b00   Section        0  printf8.o(i._printf_post_padding)
    _printf_post_padding                     0x08002b01   Thumb Code    36  printf8.o(i._printf_post_padding)
    i._printf_pre_padding                    0x08002b24   Section        0  printf8.o(i._printf_pre_padding)
    _printf_pre_padding                      0x08002b25   Thumb Code    46  printf8.o(i._printf_pre_padding)
    i.com_task                               0x08002b54   Section        0  app_freertos_task.o(i.com_task)
    i.flight_task                            0x08002be8   Section        0  app_freertos_task.o(i.flight_task)
    i.fputc                                  0x08002c28   Section        0  com_debug.o(i.fputc)
    i.int_SI24R1_Init                        0x08002c44   Section        0  int_si24r1.o(i.int_SI24R1_Init)
    i.int_SI24R1_Read_Buf                    0x08002d50   Section        0  int_si24r1.o(i.int_SI24R1_Read_Buf)
    i.int_SI24R1_Read_Reg                    0x08002d94   Section        0  int_si24r1.o(i.int_SI24R1_Read_Reg)
    i.int_SI24R1_RxPacket                    0x08002dc4   Section        0  int_si24r1.o(i.int_SI24R1_RxPacket)
    i.int_SI24R1_WRITE_REG                   0x08002df8   Section        0  int_si24r1.o(i.int_SI24R1_WRITE_REG)
    i.int_SI24R1_Write_Buf                   0x08002e28   Section        0  int_si24r1.o(i.int_SI24R1_Write_Buf)
    i.main                                   0x08002e6c   Section        0  main.o(i.main)
    i.power_task                             0x08002eec   Section        0  app_freertos_task.o(i.power_task)
    i.prvAddCurrentTaskToDelayedList         0x08002f14   Section        0  tasks.o(i.prvAddCurrentTaskToDelayedList)
    prvAddCurrentTaskToDelayedList           0x08002f15   Thumb Code   164  tasks.o(i.prvAddCurrentTaskToDelayedList)
    i.prvAddNewTaskToReadyList               0x08002fd4   Section        0  tasks.o(i.prvAddNewTaskToReadyList)
    prvAddNewTaskToReadyList                 0x08002fd5   Thumb Code   200  tasks.o(i.prvAddNewTaskToReadyList)
    i.prvCheckTasksWaitingTermination        0x080030b8   Section        0  tasks.o(i.prvCheckTasksWaitingTermination)
    prvCheckTasksWaitingTermination          0x080030b9   Thumb Code    60  tasks.o(i.prvCheckTasksWaitingTermination)
    i.prvDeleteTCB                           0x08003100   Section        0  tasks.o(i.prvDeleteTCB)
    prvDeleteTCB                             0x08003101   Thumb Code    18  tasks.o(i.prvDeleteTCB)
    i.prvHeapInit                            0x08003114   Section        0  heap_4.o(i.prvHeapInit)
    prvHeapInit                              0x08003115   Thumb Code    90  heap_4.o(i.prvHeapInit)
    i.prvIdleTask                            0x08003184   Section        0  tasks.o(i.prvIdleTask)
    prvIdleTask                              0x08003185   Thumb Code    32  tasks.o(i.prvIdleTask)
    i.prvInitialiseNewTask                   0x080031ac   Section        0  tasks.o(i.prvInitialiseNewTask)
    prvInitialiseNewTask                     0x080031ad   Thumb Code   122  tasks.o(i.prvInitialiseNewTask)
    i.prvInitialiseTaskLists                 0x08003228   Section        0  tasks.o(i.prvInitialiseTaskLists)
    prvInitialiseTaskLists                   0x08003229   Thumb Code    70  tasks.o(i.prvInitialiseTaskLists)
    i.prvInsertBlockIntoFreeList             0x08003290   Section        0  heap_4.o(i.prvInsertBlockIntoFreeList)
    prvInsertBlockIntoFreeList               0x08003291   Thumb Code    96  heap_4.o(i.prvInsertBlockIntoFreeList)
    i.prvResetNextTaskUnblockTime            0x080032f8   Section        0  tasks.o(i.prvResetNextTaskUnblockTime)
    prvResetNextTaskUnblockTime              0x080032f9   Thumb Code    40  tasks.o(i.prvResetNextTaskUnblockTime)
    i.prvTaskExitError                       0x08003328   Section        0  port.o(i.prvTaskExitError)
    prvTaskExitError                         0x08003329   Thumb Code    22  port.o(i.prvTaskExitError)
    i.pvPortMalloc                           0x08003340   Section        0  heap_4.o(i.pvPortMalloc)
    i.pxPortInitialiseStack                  0x08003424   Section        0  port.o(i.pxPortInitialiseStack)
    i.uxListRemove                           0x08003448   Section        0  list.o(i.uxListRemove)
    i.vListInitialise                        0x08003470   Section        0  list.o(i.vListInitialise)
    i.vListInitialiseItem                    0x0800348a   Section        0  list.o(i.vListInitialiseItem)
    i.vListInsert                            0x08003490   Section        0  list.o(i.vListInsert)
    i.vPortEnterCritical                     0x080034c4   Section        0  port.o(i.vPortEnterCritical)
    i.vPortExitCritical                      0x080034e8   Section        0  port.o(i.vPortExitCritical)
    i.vPortFree                              0x08003508   Section        0  heap_4.o(i.vPortFree)
    i.vPortSetupTimerInterrupt               0x08003554   Section        0  port.o(i.vPortSetupTimerInterrupt)
    i.vTaskDelay                             0x0800356c   Section        0  tasks.o(i.vTaskDelay)
    i.vTaskStartScheduler                    0x080035a0   Section        0  tasks.o(i.vTaskStartScheduler)
    i.vTaskSuspendAll                        0x0800360c   Section        0  tasks.o(i.vTaskSuspendAll)
    i.vTaskSwitchContext                     0x0800361c   Section        0  tasks.o(i.vTaskSwitchContext)
    i.xPortStartScheduler                    0x0800367c   Section        0  port.o(i.xPortStartScheduler)
    i.xPortSysTickHandler                    0x080036b0   Section        0  port.o(i.xPortSysTickHandler)
    i.xTaskCreate                            0x080036e4   Section        0  tasks.o(i.xTaskCreate)
    i.xTaskDelayUntil                        0x0800374c   Section        0  tasks.o(i.xTaskDelayUntil)
    i.xTaskGetSchedulerState                 0x080037c0   Section        0  tasks.o(i.xTaskGetSchedulerState)
    i.xTaskGetTickCount                      0x080037e0   Section        0  tasks.o(i.xTaskGetTickCount)
    i.xTaskIncrementTick                     0x080037ec   Section        0  tasks.o(i.xTaskIncrementTick)
    i.xTaskResumeAll                         0x0800397c   Section        0  tasks.o(i.xTaskResumeAll)
    .constdata                               0x08003ad8   Section       18  stm32f1xx_hal_rcc.o(.constdata)
    aPLLMULFactorTable                       0x08003ad8   Data          16  stm32f1xx_hal_rcc.o(.constdata)
    aPredivFactorTable                       0x08003ae8   Data           2  stm32f1xx_hal_rcc.o(.constdata)
    .constdata                               0x08003aea   Section       24  system_stm32f1xx.o(.constdata)
    .data                                    0x20000000   Section        9  stm32f1xx_hal.o(.data)
    .data                                    0x2000000c   Section        4  system_stm32f1xx.o(.data)
    .data                                    0x20000010   Section       64  tasks.o(.data)
    pxDelayedTaskList                        0x20000014   Data           4  tasks.o(.data)
    pxOverflowDelayedTaskList                0x20000018   Data           4  tasks.o(.data)
    uxDeletedTasksWaitingCleanUp             0x2000001c   Data           4  tasks.o(.data)
    uxCurrentNumberOfTasks                   0x20000020   Data           4  tasks.o(.data)
    xTickCount                               0x20000024   Data           4  tasks.o(.data)
    uxTopReadyPriority                       0x20000028   Data           4  tasks.o(.data)
    xSchedulerRunning                        0x2000002c   Data           4  tasks.o(.data)
    xPendedTicks                             0x20000030   Data           4  tasks.o(.data)
    xYieldPending                            0x20000034   Data           4  tasks.o(.data)
    xNumOfOverflows                          0x20000038   Data           4  tasks.o(.data)
    uxTaskNumber                             0x2000003c   Data           4  tasks.o(.data)
    xNextTaskUnblockTime                     0x20000040   Data           4  tasks.o(.data)
    xIdleTaskHandle                          0x20000044   Data           4  tasks.o(.data)
    uxSchedulerSuspended                     0x2000004c   Data           4  tasks.o(.data)
    .data                                    0x20000050   Section       28  heap_4.o(.data)
    xStart                                   0x20000050   Data           8  heap_4.o(.data)
    pxEnd                                    0x20000058   Data           4  heap_4.o(.data)
    xFreeBytesRemaining                      0x2000005c   Data           4  heap_4.o(.data)
    xMinimumEverFreeBytesRemaining           0x20000060   Data           4  heap_4.o(.data)
    xNumberOfSuccessfulAllocations           0x20000064   Data           4  heap_4.o(.data)
    xNumberOfSuccessfulFrees                 0x20000068   Data           4  heap_4.o(.data)
    .data                                    0x2000006c   Section        4  port.o(.data)
    uxCriticalNesting                        0x2000006c   Data           4  port.o(.data)
    .data                                    0x20000070   Section       82  app_freertos_task.o(.data)
    .data                                    0x200000c2   Section       10  int_si24r1.o(.data)
    .data                                    0x200000cc   Section        4  stdout.o(.data)
    .bss                                     0x200000d0   Section       88  spi.o(.bss)
    .bss                                     0x20000128   Section      288  tim.o(.bss)
    .bss                                     0x20000248   Section       72  usart.o(.bss)
    .bss                                     0x20000290   Section      200  tasks.o(.bss)
    pxReadyTasksLists                        0x20000290   Data         100  tasks.o(.bss)
    xDelayedTaskList1                        0x200002f4   Data          20  tasks.o(.bss)
    xDelayedTaskList2                        0x20000308   Data          20  tasks.o(.bss)
    xPendingReadyList                        0x2000031c   Data          20  tasks.o(.bss)
    xTasksWaitingTermination                 0x20000330   Data          20  tasks.o(.bss)
    xSuspendedTaskList                       0x20000344   Data          20  tasks.o(.bss)
    .bss                                     0x20000358   Section    12288  heap_4.o(.bss)
    ucHeap                                   0x20000358   Data       12288  heap_4.o(.bss)
    .bss                                     0x20003358   Section       17  app_freertos_task.o(.bss)
    STACK                                    0x20003370   Section     1024  startup_stm32f103xb.o(STACK)

    Global Symbols

    Symbol Name                              Value     Ov Type        Size  Object(Section)

    BuildAttributes$$THM_ISAv4$P$D$K$B$S$PE$A:L22UL41UL21$X:L11$S22US41US21$IEEE1$IW$USESV6$~STKCKD$USESV7$~SHL$OSPACE$ROPI$EBA8$MICROLIB$REQ8$PRES8$EABIv2 0x00000000   Number         0  anon$$obj.o ABSOLUTE
    __ARM_use_no_argv                        0x00000000   Number         0  main.o ABSOLUTE
    _printf_a                                0x00000000   Number         0  stubs.o ABSOLUTE
    _printf_c                                0x00000000   Number         0  stubs.o ABSOLUTE
    _printf_charcount                        0x00000000   Number         0  stubs.o ABSOLUTE
    _printf_d                                0x00000000   Number         0  stubs.o ABSOLUTE
    _printf_e                                0x00000000   Number         0  stubs.o ABSOLUTE
    _printf_f                                0x00000000   Number         0  stubs.o ABSOLUTE
    _printf_flags                            0x00000000   Number         0  stubs.o ABSOLUTE
    _printf_fp_dec                           0x00000000   Number         0  stubs.o ABSOLUTE
    _printf_fp_hex                           0x00000000   Number         0  stubs.o ABSOLUTE
    _printf_g                                0x00000000   Number         0  stubs.o ABSOLUTE
    _printf_i                                0x00000000   Number         0  stubs.o ABSOLUTE
    _printf_int_dec                          0x00000000   Number         0  stubs.o ABSOLUTE
    _printf_l                                0x00000000   Number         0  stubs.o ABSOLUTE
    _printf_lc                               0x00000000   Number         0  stubs.o ABSOLUTE
    _printf_ll                               0x00000000   Number         0  stubs.o ABSOLUTE
    _printf_lld                              0x00000000   Number         0  stubs.o ABSOLUTE
    _printf_lli                              0x00000000   Number         0  stubs.o ABSOLUTE
    _printf_llo                              0x00000000   Number         0  stubs.o ABSOLUTE
    _printf_llu                              0x00000000   Number         0  stubs.o ABSOLUTE
    _printf_llx                              0x00000000   Number         0  stubs.o ABSOLUTE
    _printf_longlong_dec                     0x00000000   Number         0  stubs.o ABSOLUTE
    _printf_longlong_hex                     0x00000000   Number         0  stubs.o ABSOLUTE
    _printf_longlong_oct                     0x00000000   Number         0  stubs.o ABSOLUTE
    _printf_ls                               0x00000000   Number         0  stubs.o ABSOLUTE
    _printf_mbtowc                           0x00000000   Number         0  stubs.o ABSOLUTE
    _printf_n                                0x00000000   Number         0  stubs.o ABSOLUTE
    _printf_o                                0x00000000   Number         0  stubs.o ABSOLUTE
    _printf_p                                0x00000000   Number         0  stubs.o ABSOLUTE
    _printf_percent                          0x00000000   Number         0  stubs.o ABSOLUTE
    _printf_pre_padding                      0x00000000   Number         0  stubs.o ABSOLUTE
    _printf_return_value                     0x00000000   Number         0  stubs.o ABSOLUTE
    _printf_s                                0x00000000   Number         0  stubs.o ABSOLUTE
    _printf_sizespec                         0x00000000   Number         0  stubs.o ABSOLUTE
    _printf_str                              0x00000000   Number         0  stubs.o ABSOLUTE
    _printf_truncate_signed                  0x00000000   Number         0  stubs.o ABSOLUTE
    _printf_truncate_unsigned                0x00000000   Number         0  stubs.o ABSOLUTE
    _printf_u                                0x00000000   Number         0  stubs.o ABSOLUTE
    _printf_wc                               0x00000000   Number         0  stubs.o ABSOLUTE
    _printf_wctomb                           0x00000000   Number         0  stubs.o ABSOLUTE
    _printf_widthprec                        0x00000000   Number         0  stubs.o ABSOLUTE
    _printf_x                                0x00000000   Number         0  stubs.o ABSOLUTE
    __cpp_initialize__aeabi_                  - Undefined Weak Reference
    __cxa_finalize                            - Undefined Weak Reference
    __decompress                              - Undefined Weak Reference
    _clock_init                               - Undefined Weak Reference
    _microlib_exit                            - Undefined Weak Reference
    __Vectors_Size                           0x000000ec   Number         0  startup_stm32f103xb.o ABSOLUTE
    __Vectors                                0x08000000   Data           4  startup_stm32f103xb.o(RESET)
    __Vectors_End                            0x080000ec   Data           0  startup_stm32f103xb.o(RESET)
    __main                                   0x080000ed   Thumb Code     0  entry.o(.ARM.Collect$$$$00000000)
    _main_stk                                0x080000ed   Thumb Code     0  entry2.o(.ARM.Collect$$$$00000001)
    _main_scatterload                        0x080000f1   Thumb Code     0  entry5.o(.ARM.Collect$$$$00000004)
    __main_after_scatterload                 0x080000f5   Thumb Code     0  entry5.o(.ARM.Collect$$$$00000004)
    _main_clock                              0x080000f5   Thumb Code     0  entry7b.o(.ARM.Collect$$$$00000008)
    _main_cpp_init                           0x080000f5   Thumb Code     0  entry8b.o(.ARM.Collect$$$$0000000A)
    _main_init                               0x080000f5   Thumb Code     0  entry9a.o(.ARM.Collect$$$$0000000B)
    __rt_final_cpp                           0x080000fd   Thumb Code     0  entry10a.o(.ARM.Collect$$$$0000000D)
    __rt_final_exit                          0x080000fd   Thumb Code     0  entry11a.o(.ARM.Collect$$$$0000000F)
    vPortSVCHandler                          0x08000101   Thumb Code    32  port.o(.emb_text)
    __asm___6_port_c_39a90d8d__prvStartFirstTask 0x08000125   Thumb Code    28  port.o(.emb_text)
    PendSV_Handler                           0x08000145   Thumb Code    72  port.o(.emb_text)
    vPortGetIPSR                             0x08000191   Thumb Code     6  port.o(.emb_text)
    Reset_Handler                            0x08000199   Thumb Code     8  startup_stm32f103xb.o(.text)
    SVC_Handler                              0x080001ab   Thumb Code     2  startup_stm32f103xb.o(.text)
    ADC1_2_IRQHandler                        0x080001b3   Thumb Code     0  startup_stm32f103xb.o(.text)
    CAN1_RX1_IRQHandler                      0x080001b3   Thumb Code     0  startup_stm32f103xb.o(.text)
    CAN1_SCE_IRQHandler                      0x080001b3   Thumb Code     0  startup_stm32f103xb.o(.text)
    DMA1_Channel1_IRQHandler                 0x080001b3   Thumb Code     0  startup_stm32f103xb.o(.text)
    DMA1_Channel2_IRQHandler                 0x080001b3   Thumb Code     0  startup_stm32f103xb.o(.text)
    DMA1_Channel3_IRQHandler                 0x080001b3   Thumb Code     0  startup_stm32f103xb.o(.text)
    DMA1_Channel4_IRQHandler                 0x080001b3   Thumb Code     0  startup_stm32f103xb.o(.text)
    DMA1_Channel5_IRQHandler                 0x080001b3   Thumb Code     0  startup_stm32f103xb.o(.text)
    DMA1_Channel6_IRQHandler                 0x080001b3   Thumb Code     0  startup_stm32f103xb.o(.text)
    DMA1_Channel7_IRQHandler                 0x080001b3   Thumb Code     0  startup_stm32f103xb.o(.text)
    EXTI0_IRQHandler                         0x080001b3   Thumb Code     0  startup_stm32f103xb.o(.text)
    EXTI15_10_IRQHandler                     0x080001b3   Thumb Code     0  startup_stm32f103xb.o(.text)
    EXTI1_IRQHandler                         0x080001b3   Thumb Code     0  startup_stm32f103xb.o(.text)
    EXTI2_IRQHandler                         0x080001b3   Thumb Code     0  startup_stm32f103xb.o(.text)
    EXTI3_IRQHandler                         0x080001b3   Thumb Code     0  startup_stm32f103xb.o(.text)
    EXTI4_IRQHandler                         0x080001b3   Thumb Code     0  startup_stm32f103xb.o(.text)
    EXTI9_5_IRQHandler                       0x080001b3   Thumb Code     0  startup_stm32f103xb.o(.text)
    FLASH_IRQHandler                         0x080001b3   Thumb Code     0  startup_stm32f103xb.o(.text)
    I2C1_ER_IRQHandler                       0x080001b3   Thumb Code     0  startup_stm32f103xb.o(.text)
    I2C1_EV_IRQHandler                       0x080001b3   Thumb Code     0  startup_stm32f103xb.o(.text)
    I2C2_ER_IRQHandler                       0x080001b3   Thumb Code     0  startup_stm32f103xb.o(.text)
    I2C2_EV_IRQHandler                       0x080001b3   Thumb Code     0  startup_stm32f103xb.o(.text)
    PVD_IRQHandler                           0x080001b3   Thumb Code     0  startup_stm32f103xb.o(.text)
    RCC_IRQHandler                           0x080001b3   Thumb Code     0  startup_stm32f103xb.o(.text)
    RTC_Alarm_IRQHandler                     0x080001b3   Thumb Code     0  startup_stm32f103xb.o(.text)
    RTC_IRQHandler                           0x080001b3   Thumb Code     0  startup_stm32f103xb.o(.text)
    SPI1_IRQHandler                          0x080001b3   Thumb Code     0  startup_stm32f103xb.o(.text)
    SPI2_IRQHandler                          0x080001b3   Thumb Code     0  startup_stm32f103xb.o(.text)
    TAMPER_IRQHandler                        0x080001b3   Thumb Code     0  startup_stm32f103xb.o(.text)
    TIM1_BRK_IRQHandler                      0x080001b3   Thumb Code     0  startup_stm32f103xb.o(.text)
    TIM1_CC_IRQHandler                       0x080001b3   Thumb Code     0  startup_stm32f103xb.o(.text)
    TIM1_TRG_COM_IRQHandler                  0x080001b3   Thumb Code     0  startup_stm32f103xb.o(.text)
    TIM1_UP_IRQHandler                       0x080001b3   Thumb Code     0  startup_stm32f103xb.o(.text)
    TIM2_IRQHandler                          0x080001b3   Thumb Code     0  startup_stm32f103xb.o(.text)
    TIM3_IRQHandler                          0x080001b3   Thumb Code     0  startup_stm32f103xb.o(.text)
    TIM4_IRQHandler                          0x080001b3   Thumb Code     0  startup_stm32f103xb.o(.text)
    USART1_IRQHandler                        0x080001b3   Thumb Code     0  startup_stm32f103xb.o(.text)
    USART2_IRQHandler                        0x080001b3   Thumb Code     0  startup_stm32f103xb.o(.text)
    USART3_IRQHandler                        0x080001b3   Thumb Code     0  startup_stm32f103xb.o(.text)
    USBWakeUp_IRQHandler                     0x080001b3   Thumb Code     0  startup_stm32f103xb.o(.text)
    USB_HP_CAN1_TX_IRQHandler                0x080001b3   Thumb Code     0  startup_stm32f103xb.o(.text)
    USB_LP_CAN1_RX0_IRQHandler               0x080001b3   Thumb Code     0  startup_stm32f103xb.o(.text)
    WWDG_IRQHandler                          0x080001b3   Thumb Code     0  startup_stm32f103xb.o(.text)
    __aeabi_llsr                             0x080001bd   Thumb Code    32  llushr.o(.text)
    _ll_ushift_r                             0x080001bd   Thumb Code     0  llushr.o(.text)
    __aeabi_memset                           0x080001dd   Thumb Code    14  memseta.o(.text)
    __aeabi_memset4                          0x080001dd   Thumb Code     0  memseta.o(.text)
    __aeabi_memset8                          0x080001dd   Thumb Code     0  memseta.o(.text)
    __aeabi_memclr                           0x080001eb   Thumb Code     4  memseta.o(.text)
    __aeabi_memclr4                          0x080001eb   Thumb Code     0  memseta.o(.text)
    __aeabi_memclr8                          0x080001eb   Thumb Code     0  memseta.o(.text)
    _memset$wrapper                          0x080001ef   Thumb Code    18  memseta.o(.text)
    strrchr                                  0x08000201   Thumb Code    32  strrchr.o(.text)
    __aeabi_uldivmod                         0x08000221   Thumb Code    98  uldiv.o(.text)
    __scatterload                            0x08000285   Thumb Code    28  init.o(.text)
    __scatterload_rt2                        0x08000285   Thumb Code     0  init.o(.text)
    __aeabi_llsl                             0x080002a9   Thumb Code    30  llshl.o(.text)
    _ll_shift_l                              0x080002a9   Thumb Code     0  llshl.o(.text)
    App_freeRTOS_start                       0x080002c9   Thumb Code    88  app_freertos_task.o(i.App_freeRTOS_start)
    BusFault_Handler                         0x08000371   Thumb Code     4  stm32f1xx_it.o(i.BusFault_Handler)
    DebugMon_Handler                         0x08000375   Thumb Code     2  stm32f1xx_it.o(i.DebugMon_Handler)
    Error_Handler                            0x08000377   Thumb Code     6  main.o(i.Error_Handler)
    HAL_Delay                                0x0800037d   Thumb Code    36  stm32f1xx_hal.o(i.HAL_Delay)
    HAL_GPIO_Init                            0x080003a5   Thumb Code   766  stm32f1xx_hal_gpio.o(i.HAL_GPIO_Init)
    HAL_GPIO_TogglePin                       0x080006c5   Thumb Code    20  stm32f1xx_hal_gpio.o(i.HAL_GPIO_TogglePin)
    HAL_GPIO_WritePin                        0x080006d9   Thumb Code    12  stm32f1xx_hal_gpio.o(i.HAL_GPIO_WritePin)
    HAL_GetTick                              0x080006e5   Thumb Code     6  stm32f1xx_hal.o(i.HAL_GetTick)
    HAL_IncTick                              0x080006f1   Thumb Code    16  stm32f1xx_hal.o(i.HAL_IncTick)
    HAL_Init                                 0x08000709   Thumb Code    34  stm32f1xx_hal.o(i.HAL_Init)
    HAL_InitTick                             0x08000731   Thumb Code    64  stm32f1xx_hal.o(i.HAL_InitTick)
    HAL_MspInit                              0x0800077d   Thumb Code    76  stm32f1xx_hal_msp.o(i.HAL_MspInit)
    HAL_NVIC_SetPriority                     0x080007d1   Thumb Code   124  stm32f1xx_hal_cortex.o(i.HAL_NVIC_SetPriority)
    HAL_NVIC_SetPriorityGrouping             0x0800084d   Thumb Code    32  stm32f1xx_hal_cortex.o(i.HAL_NVIC_SetPriorityGrouping)
    HAL_RCC_ClockConfig                      0x08000875   Thumb Code   376  stm32f1xx_hal_rcc.o(i.HAL_RCC_ClockConfig)
    HAL_RCC_GetHCLKFreq                      0x08000a01   Thumb Code     6  stm32f1xx_hal_rcc.o(i.HAL_RCC_GetHCLKFreq)
    HAL_RCC_GetPCLK1Freq                     0x08000a0d   Thumb Code    22  stm32f1xx_hal_rcc.o(i.HAL_RCC_GetPCLK1Freq)
    HAL_RCC_GetPCLK2Freq                     0x08000a2d   Thumb Code    22  stm32f1xx_hal_rcc.o(i.HAL_RCC_GetPCLK2Freq)
    HAL_RCC_GetSysClockFreq                  0x08000a4d   Thumb Code    92  stm32f1xx_hal_rcc.o(i.HAL_RCC_GetSysClockFreq)
    HAL_RCC_OscConfig                        0x08000abd   Thumb Code  1114  stm32f1xx_hal_rcc.o(i.HAL_RCC_OscConfig)
    HAL_SPI_Init                             0x08000f21   Thumb Code   190  stm32f1xx_hal_spi.o(i.HAL_SPI_Init)
    HAL_SPI_MspInit                          0x08000fe1   Thumb Code   120  spi.o(i.HAL_SPI_MspInit)
    HAL_SPI_TransmitReceive                  0x08001065   Thumb Code   584  stm32f1xx_hal_spi.o(i.HAL_SPI_TransmitReceive)
    HAL_SYSTICK_Config                       0x080012ad   Thumb Code    52  stm32f1xx_hal_cortex.o(i.HAL_SYSTICK_Config)
    HAL_TIMEx_ConfigBreakDeadTime            0x080012e1   Thumb Code   116  stm32f1xx_hal_tim_ex.o(i.HAL_TIMEx_ConfigBreakDeadTime)
    HAL_TIMEx_MasterConfigSynchronization    0x08001355   Thumb Code   118  stm32f1xx_hal_tim_ex.o(i.HAL_TIMEx_MasterConfigSynchronization)
    HAL_TIM_Base_Init                        0x080013d9   Thumb Code   102  stm32f1xx_hal_tim.o(i.HAL_TIM_Base_Init)
    HAL_TIM_Base_MspInit                     0x08001441   Thumb Code   148  tim.o(i.HAL_TIM_Base_MspInit)
    HAL_TIM_ConfigClockSource                0x080014e5   Thumb Code   268  stm32f1xx_hal_tim.o(i.HAL_TIM_ConfigClockSource)
    HAL_TIM_MspPostInit                      0x080015f1   Thumb Code   260  tim.o(i.HAL_TIM_MspPostInit)
    HAL_TIM_PWM_ConfigChannel                0x08001711   Thumb Code   260  stm32f1xx_hal_tim.o(i.HAL_TIM_PWM_ConfigChannel)
    HAL_TIM_PWM_Init                         0x08001815   Thumb Code   102  stm32f1xx_hal_tim.o(i.HAL_TIM_PWM_Init)
    HAL_TIM_PWM_MspInit                      0x0800187b   Thumb Code     2  stm32f1xx_hal_tim.o(i.HAL_TIM_PWM_MspInit)
    HAL_UART_Init                            0x0800187d   Thumb Code   118  stm32f1xx_hal_uart.o(i.HAL_UART_Init)
    HAL_UART_MspInit                         0x080018f5   Thumb Code   120  usart.o(i.HAL_UART_MspInit)
    HAL_UART_Transmit                        0x08001979   Thumb Code   190  stm32f1xx_hal_uart.o(i.HAL_UART_Transmit)
    HardFault_Handler                        0x08001a37   Thumb Code     4  stm32f1xx_it.o(i.HardFault_Handler)
    IP5305T_start                            0x08001a3d   Thumb Code    30  int_ip5305t.o(i.IP5305T_start)
    Int_led_toggle                           0x08001a61   Thumb Code    14  int_led.o(i.Int_led_toggle)
    Int_motor_set_speed                      0x08001a71   Thumb Code   108  int_motor.o(i.Int_motor_set_speed)
    LED_task                                 0x08001b11   Thumb Code   186  app_freertos_task.o(i.LED_task)
    LED_turn_off                             0x08001be5   Thumb Code    16  int_led.o(i.LED_turn_off)
    LED_turn_on                              0x08001bf5   Thumb Code    16  int_led.o(i.LED_turn_on)
    MX_GPIO_Init                             0x08001c05   Thumb Code   212  gpio.o(i.MX_GPIO_Init)
    MX_SPI1_Init                             0x08001ce5   Thumb Code    60  spi.o(i.MX_SPI1_Init)
    MX_TIM1_Init                             0x08001d29   Thumb Code   208  tim.o(i.MX_TIM1_Init)
    MX_TIM2_Init                             0x08001e01   Thumb Code   158  tim.o(i.MX_TIM2_Init)
    MX_TIM3_Init                             0x08001ea5   Thumb Code   156  tim.o(i.MX_TIM3_Init)
    MX_TIM4_Init                             0x08001f49   Thumb Code   156  tim.o(i.MX_TIM4_Init)
    MX_USART2_UART_Init                      0x08001fed   Thumb Code    46  usart.o(i.MX_USART2_UART_Init)
    MemManage_Handler                        0x08002025   Thumb Code     4  stm32f1xx_it.o(i.MemManage_Handler)
    NMI_Handler                              0x08002029   Thumb Code     4  stm32f1xx_it.o(i.NMI_Handler)
    SysTick_Handler                          0x08002191   Thumb Code    20  stm32f1xx_it.o(i.SysTick_Handler)
    SystemClock_Config                       0x080021a5   Thumb Code   102  main.o(i.SystemClock_Config)
    SystemInit                               0x0800220b   Thumb Code     2  system_stm32f1xx.o(i.SystemInit)
    TIM_Base_SetConfig                       0x0800220d   Thumb Code   120  stm32f1xx_hal_tim.o(i.TIM_Base_SetConfig)
    TIM_ETR_SetConfig                        0x08002291   Thumb Code    22  stm32f1xx_hal_tim.o(i.TIM_ETR_SetConfig)
    TIM_OC2_SetConfig                        0x08002319   Thumb Code   100  stm32f1xx_hal_tim.o(i.TIM_OC2_SetConfig)
    UsageFault_Handler                       0x08002675   Thumb Code     4  stm32f1xx_it.o(i.UsageFault_Handler)
    __0printf$8                              0x08002679   Thumb Code    22  printf8.o(i.__0printf$8)
    __1printf$8                              0x08002679   Thumb Code     0  printf8.o(i.__0printf$8)
    __2printf                                0x08002679   Thumb Code     0  printf8.o(i.__0printf$8)
    __scatterload_copy                       0x080026d1   Thumb Code    14  handlers.o(i.__scatterload_copy)
    __scatterload_null                       0x080026df   Thumb Code     2  handlers.o(i.__scatterload_null)
    __scatterload_zeroinit                   0x080026e1   Thumb Code    14  handlers.o(i.__scatterload_zeroinit)
    com_task                                 0x08002b55   Thumb Code    76  app_freertos_task.o(i.com_task)
    flight_task                              0x08002be9   Thumb Code    48  app_freertos_task.o(i.flight_task)
    fputc                                    0x08002c29   Thumb Code    22  com_debug.o(i.fputc)
    int_SI24R1_Init                          0x08002c45   Thumb Code   150  int_si24r1.o(i.int_SI24R1_Init)
    int_SI24R1_Read_Buf                      0x08002d51   Thumb Code    64  int_si24r1.o(i.int_SI24R1_Read_Buf)
    int_SI24R1_Read_Reg                      0x08002d95   Thumb Code    42  int_si24r1.o(i.int_SI24R1_Read_Reg)
    int_SI24R1_RxPacket                      0x08002dc5   Thumb Code    52  int_si24r1.o(i.int_SI24R1_RxPacket)
    int_SI24R1_WRITE_REG                     0x08002df9   Thumb Code    44  int_si24r1.o(i.int_SI24R1_WRITE_REG)
    int_SI24R1_Write_Buf                     0x08002e29   Thumb Code    64  int_si24r1.o(i.int_SI24R1_Write_Buf)
    main                                     0x08002e6d   Thumb Code    84  main.o(i.main)
    power_task                               0x08002eed   Thumb Code    38  app_freertos_task.o(i.power_task)
    pvPortMalloc                             0x08003341   Thumb Code   208  heap_4.o(i.pvPortMalloc)
    pxPortInitialiseStack                    0x08003425   Thumb Code    30  port.o(i.pxPortInitialiseStack)
    uxListRemove                             0x08003449   Thumb Code    40  list.o(i.uxListRemove)
    vListInitialise                          0x08003471   Thumb Code    26  list.o(i.vListInitialise)
    vListInitialiseItem                      0x0800348b   Thumb Code     6  list.o(i.vListInitialiseItem)
    vListInsert                              0x08003491   Thumb Code    52  list.o(i.vListInsert)
    vPortEnterCritical                       0x080034c5   Thumb Code    30  port.o(i.vPortEnterCritical)
    vPortExitCritical                        0x080034e9   Thumb Code    28  port.o(i.vPortExitCritical)
    vPortFree                                0x08003509   Thumb Code    68  heap_4.o(i.vPortFree)
    vPortSetupTimerInterrupt                 0x08003555   Thumb Code    20  port.o(i.vPortSetupTimerInterrupt)
    vTaskDelay                               0x0800356d   Thumb Code    46  tasks.o(i.vTaskDelay)
    vTaskStartScheduler                      0x080035a1   Thumb Code    76  tasks.o(i.vTaskStartScheduler)
    vTaskSuspendAll                          0x0800360d   Thumb Code    12  tasks.o(i.vTaskSuspendAll)
    vTaskSwitchContext                       0x0800361d   Thumb Code    76  tasks.o(i.vTaskSwitchContext)
    xPortStartScheduler                      0x0800367d   Thumb Code    42  port.o(i.xPortStartScheduler)
    xPortSysTickHandler                      0x080036b1   Thumb Code    46  port.o(i.xPortSysTickHandler)
    xTaskCreate                              0x080036e5   Thumb Code   104  tasks.o(i.xTaskCreate)
    xTaskDelayUntil                          0x0800374d   Thumb Code   108  tasks.o(i.xTaskDelayUntil)
    xTaskGetSchedulerState                   0x080037c1   Thumb Code    24  tasks.o(i.xTaskGetSchedulerState)
    xTaskGetTickCount                        0x080037e1   Thumb Code     6  tasks.o(i.xTaskGetTickCount)
    xTaskIncrementTick                       0x080037ed   Thumb Code   356  tasks.o(i.xTaskIncrementTick)
    xTaskResumeAll                           0x0800397d   Thumb Code   310  tasks.o(i.xTaskResumeAll)
    AHBPrescTable                            0x08003aea   Data          16  system_stm32f1xx.o(.constdata)
    APBPrescTable                            0x08003afa   Data           8  system_stm32f1xx.o(.constdata)
    Region$$Table$$Base                      0x08003b04   Number         0  anon$$obj.o(Region$$Table)
    Region$$Table$$Limit                     0x08003b24   Number         0  anon$$obj.o(Region$$Table)
    uwTick                                   0x20000000   Data           4  stm32f1xx_hal.o(.data)
    uwTickPrio                               0x20000004   Data           4  stm32f1xx_hal.o(.data)
    uwTickFreq                               0x20000008   Data           1  stm32f1xx_hal.o(.data)
    SystemCoreClock                          0x2000000c   Data           4  system_stm32f1xx.o(.data)
    pxCurrentTCB                             0x20000010   Data           4  tasks.o(.data)
    uxTopUsedPriority                        0x20000048   Data           4  tasks.o(.data)
    left_top_motor                           0x20000070   Data           8  app_freertos_task.o(.data)
    left_bottom_motor                        0x20000078   Data           8  app_freertos_task.o(.data)
    right_top_motor                          0x20000080   Data           8  app_freertos_task.o(.data)
    right_bottom_motor                       0x20000088   Data           8  app_freertos_task.o(.data)
    left_top_led                             0x20000090   Data           8  app_freertos_task.o(.data)
    right_top_led                            0x20000098   Data           8  app_freertos_task.o(.data)
    right_bottom_led                         0x200000a0   Data           8  app_freertos_task.o(.data)
    left_bottom_led                          0x200000a8   Data           8  app_freertos_task.o(.data)
    power_task_handle                        0x200000b0   Data           4  app_freertos_task.o(.data)
    flight_task_handle                       0x200000b4   Data           4  app_freertos_task.o(.data)
    LED_task_handle                          0x200000b8   Data           4  app_freertos_task.o(.data)
    com_task_handle                          0x200000bc   Data           4  app_freertos_task.o(.data)
    remote_state                             0x200000c0   Data           1  app_freertos_task.o(.data)
    flight_state                             0x200000c1   Data           1  app_freertos_task.o(.data)
    TX_ADDRESS                               0x200000c2   Data           5  int_si24r1.o(.data)
    si24r1_rx_buf                            0x200000c7   Data           5  int_si24r1.o(.data)
    __stdout                                 0x200000cc   Data           4  stdout.o(.data)
    hspi1                                    0x200000d0   Data          88  spi.o(.bss)
    htim1                                    0x20000128   Data          72  tim.o(.bss)
    htim2                                    0x20000170   Data          72  tim.o(.bss)
    htim3                                    0x200001b8   Data          72  tim.o(.bss)
    htim4                                    0x20000200   Data          72  tim.o(.bss)
    huart2                                   0x20000248   Data          72  usart.o(.bss)
    rx_buf                                   0x20003358   Data          17  app_freertos_task.o(.bss)
    __initial_sp                             0x20003770   Data           0  startup_stm32f103xb.o(STACK)



==============================================================================

Memory Map of the image

  Image Entry point : 0x080000ed

  Load Region LR_IROM1 (Base: 0x08000000, Size: 0x00003bf4, Max: 0x00010000, ABSOLUTE)

    Execution Region ER_IROM1 (Exec base: 0x08000000, Load base: 0x08000000, Size: 0x00003b24, Max: 0x00010000, ABSOLUTE)

    Exec Addr    Load Addr    Size         Type   Attr      Idx    E Section Name        Object

    0x08000000   0x08000000   0x000000ec   Data   RO            3    RESET               startup_stm32f103xb.o
    0x080000ec   0x080000ec   0x00000000   Code   RO         4365  * .ARM.Collect$$$$00000000  mc_w.l(entry.o)
    0x080000ec   0x080000ec   0x00000004   Code   RO         4639    .ARM.Collect$$$$00000001  mc_w.l(entry2.o)
    0x080000f0   0x080000f0   0x00000004   Code   RO         4642    .ARM.Collect$$$$00000004  mc_w.l(entry5.o)
    0x080000f4   0x080000f4   0x00000000   Code   RO         4644    .ARM.Collect$$$$00000008  mc_w.l(entry7b.o)
    0x080000f4   0x080000f4   0x00000000   Code   RO         4646    .ARM.Collect$$$$0000000A  mc_w.l(entry8b.o)
    0x080000f4   0x080000f4   0x00000008   Code   RO         4647    .ARM.Collect$$$$0000000B  mc_w.l(entry9a.o)
    0x080000fc   0x080000fc   0x00000000   Code   RO         4649    .ARM.Collect$$$$0000000D  mc_w.l(entry10a.o)
    0x080000fc   0x080000fc   0x00000000   Code   RO         4651    .ARM.Collect$$$$0000000F  mc_w.l(entry11a.o)
    0x080000fc   0x080000fc   0x00000004   Code   RO         4640    .ARM.Collect$$$$00002712  mc_w.l(entry2.o)
    0x08000100   0x08000100   0x00000096   Code   RO         4054    .emb_text           port.o
    0x08000196   0x08000196   0x00000002   PAD
    0x08000198   0x08000198   0x00000024   Code   RO            4    .text               startup_stm32f103xb.o
    0x080001bc   0x080001bc   0x00000020   Code   RO         4368    .text               mc_w.l(llushr.o)
    0x080001dc   0x080001dc   0x00000024   Code   RO         4372    .text               mc_w.l(memseta.o)
    0x08000200   0x08000200   0x00000020   Code   RO         4374    .text               mc_w.l(strrchr.o)
    0x08000220   0x08000220   0x00000062   Code   RO         4656    .text               mc_w.l(uldiv.o)
    0x08000282   0x08000282   0x00000002   PAD
    0x08000284   0x08000284   0x00000024   Code   RO         4669    .text               mc_w.l(init.o)
    0x080002a8   0x080002a8   0x0000001e   Code   RO         4671    .text               mc_w.l(llshl.o)
    0x080002c6   0x080002c6   0x00000002   PAD
    0x080002c8   0x080002c8   0x000000a8   Code   RO         4128    i.App_freeRTOS_start  app_freertos_task.o
    0x08000370   0x08000370   0x00000004   Code   RO          387    i.BusFault_Handler  stm32f1xx_it.o
    0x08000374   0x08000374   0x00000002   Code   RO          388    i.DebugMon_Handler  stm32f1xx_it.o
    0x08000376   0x08000376   0x00000006   Code   RO           13    i.Error_Handler     main.o
    0x0800037c   0x0800037c   0x00000028   Code   RO          842    i.HAL_Delay         stm32f1xx_hal.o
    0x080003a4   0x080003a4   0x00000320   Code   RO         1157    i.HAL_GPIO_Init     stm32f1xx_hal_gpio.o
    0x080006c4   0x080006c4   0x00000014   Code   RO         1160    i.HAL_GPIO_TogglePin  stm32f1xx_hal_gpio.o
    0x080006d8   0x080006d8   0x0000000c   Code   RO         1161    i.HAL_GPIO_WritePin  stm32f1xx_hal_gpio.o
    0x080006e4   0x080006e4   0x0000000c   Code   RO          846    i.HAL_GetTick       stm32f1xx_hal.o
    0x080006f0   0x080006f0   0x00000018   Code   RO          852    i.HAL_IncTick       stm32f1xx_hal.o
    0x08000708   0x08000708   0x00000028   Code   RO          853    i.HAL_Init          stm32f1xx_hal.o
    0x08000730   0x08000730   0x0000004c   Code   RO          854    i.HAL_InitTick      stm32f1xx_hal.o
    0x0800077c   0x0800077c   0x00000054   Code   RO          453    i.HAL_MspInit       stm32f1xx_hal_msp.o
    0x080007d0   0x080007d0   0x0000007c   Code   RO         1323    i.HAL_NVIC_SetPriority  stm32f1xx_hal_cortex.o
    0x0800084c   0x0800084c   0x00000028   Code   RO         1324    i.HAL_NVIC_SetPriorityGrouping  stm32f1xx_hal_cortex.o
    0x08000874   0x08000874   0x0000018c   Code   RO         1010    i.HAL_RCC_ClockConfig  stm32f1xx_hal_rcc.o
    0x08000a00   0x08000a00   0x0000000c   Code   RO         1015    i.HAL_RCC_GetHCLKFreq  stm32f1xx_hal_rcc.o
    0x08000a0c   0x08000a0c   0x00000020   Code   RO         1017    i.HAL_RCC_GetPCLK1Freq  stm32f1xx_hal_rcc.o
    0x08000a2c   0x08000a2c   0x00000020   Code   RO         1018    i.HAL_RCC_GetPCLK2Freq  stm32f1xx_hal_rcc.o
    0x08000a4c   0x08000a4c   0x00000070   Code   RO         1019    i.HAL_RCC_GetSysClockFreq  stm32f1xx_hal_rcc.o
    0x08000abc   0x08000abc   0x00000464   Code   RO         1022    i.HAL_RCC_OscConfig  stm32f1xx_hal_rcc.o
    0x08000f20   0x08000f20   0x000000be   Code   RO          524    i.HAL_SPI_Init      stm32f1xx_hal_spi.o
    0x08000fde   0x08000fde   0x00000002   PAD
    0x08000fe0   0x08000fe0   0x00000084   Code   RO          238    i.HAL_SPI_MspInit   spi.o
    0x08001064   0x08001064   0x00000248   Code   RO          533    i.HAL_SPI_TransmitReceive  stm32f1xx_hal_spi.o
    0x080012ac   0x080012ac   0x00000034   Code   RO         1328    i.HAL_SYSTICK_Config  stm32f1xx_hal_cortex.o
    0x080012e0   0x080012e0   0x00000074   Code   RO         2563    i.HAL_TIMEx_ConfigBreakDeadTime  stm32f1xx_hal_tim_ex.o
    0x08001354   0x08001354   0x00000084   Code   RO         2579    i.HAL_TIMEx_MasterConfigSynchronization  stm32f1xx_hal_tim_ex.o
    0x080013d8   0x080013d8   0x00000066   Code   RO         1845    i.HAL_TIM_Base_Init  stm32f1xx_hal_tim.o
    0x0800143e   0x0800143e   0x00000002   PAD
    0x08001440   0x08001440   0x000000a4   Code   RO          280    i.HAL_TIM_Base_MspInit  tim.o
    0x080014e4   0x080014e4   0x0000010c   Code   RO         1854    i.HAL_TIM_ConfigClockSource  stm32f1xx_hal_tim.o
    0x080015f0   0x080015f0   0x00000120   Code   RO          281    i.HAL_TIM_MspPostInit  tim.o
    0x08001710   0x08001710   0x00000104   Code   RO         1917    i.HAL_TIM_PWM_ConfigChannel  stm32f1xx_hal_tim.o
    0x08001814   0x08001814   0x00000066   Code   RO         1920    i.HAL_TIM_PWM_Init  stm32f1xx_hal_tim.o
    0x0800187a   0x0800187a   0x00000002   Code   RO         1922    i.HAL_TIM_PWM_MspInit  stm32f1xx_hal_tim.o
    0x0800187c   0x0800187c   0x00000076   Code   RO         2857    i.HAL_UART_Init     stm32f1xx_hal_uart.o
    0x080018f2   0x080018f2   0x00000002   PAD
    0x080018f4   0x080018f4   0x00000084   Code   RO          346    i.HAL_UART_MspInit  usart.o
    0x08001978   0x08001978   0x000000be   Code   RO         2865    i.HAL_UART_Transmit  stm32f1xx_hal_uart.o
    0x08001a36   0x08001a36   0x00000004   Code   RO          389    i.HardFault_Handler  stm32f1xx_it.o
    0x08001a3a   0x08001a3a   0x00000002   PAD
    0x08001a3c   0x08001a3c   0x00000024   Code   RO         4186    i.IP5305T_start     int_ip5305t.o
    0x08001a60   0x08001a60   0x0000000e   Code   RO         4246    i.Int_led_toggle    int_led.o
    0x08001a6e   0x08001a6e   0x00000002   PAD
    0x08001a70   0x08001a70   0x000000a0   Code   RO         4213    i.Int_motor_set_speed  int_motor.o
    0x08001b10   0x08001b10   0x000000d4   Code   RO         4129    i.LED_task          app_freertos_task.o
    0x08001be4   0x08001be4   0x00000010   Code   RO         4247    i.LED_turn_off      int_led.o
    0x08001bf4   0x08001bf4   0x00000010   Code   RO         4248    i.LED_turn_on       int_led.o
    0x08001c04   0x08001c04   0x000000e0   Code   RO          213    i.MX_GPIO_Init      gpio.o
    0x08001ce4   0x08001ce4   0x00000044   Code   RO          239    i.MX_SPI1_Init      spi.o
    0x08001d28   0x08001d28   0x000000d8   Code   RO          282    i.MX_TIM1_Init      tim.o
    0x08001e00   0x08001e00   0x000000a4   Code   RO          283    i.MX_TIM2_Init      tim.o
    0x08001ea4   0x08001ea4   0x000000a4   Code   RO          284    i.MX_TIM3_Init      tim.o
    0x08001f48   0x08001f48   0x000000a4   Code   RO          285    i.MX_TIM4_Init      tim.o
    0x08001fec   0x08001fec   0x00000038   Code   RO          347    i.MX_USART2_UART_Init  usart.o
    0x08002024   0x08002024   0x00000004   Code   RO          390    i.MemManage_Handler  stm32f1xx_it.o
    0x08002028   0x08002028   0x00000004   Code   RO          391    i.NMI_Handler       stm32f1xx_it.o
    0x0800202c   0x0800202c   0x00000028   Code   RO         1023    i.RCC_Delay         stm32f1xx_hal_rcc.o
    0x08002054   0x08002054   0x00000044   Code   RO          562    i.SPI_EndRxTxTransaction  stm32f1xx_hal_spi.o
    0x08002098   0x08002098   0x00000020   Code   RO         4285    i.SPI_RW            int_si24r1.o
    0x080020b8   0x080020b8   0x000000d8   Code   RO          567    i.SPI_WaitFlagStateUntilTimeout  stm32f1xx_hal_spi.o
    0x08002190   0x08002190   0x00000014   Code   RO          392    i.SysTick_Handler   stm32f1xx_it.o
    0x080021a4   0x080021a4   0x00000066   Code   RO           14    i.SystemClock_Config  main.o
    0x0800220a   0x0800220a   0x00000002   Code   RO         3201    i.SystemInit        system_stm32f1xx.o
    0x0800220c   0x0800220c   0x00000084   Code   RO         1938    i.TIM_Base_SetConfig  stm32f1xx_hal_tim.o
    0x08002290   0x08002290   0x00000016   Code   RO         1949    i.TIM_ETR_SetConfig  stm32f1xx_hal_tim.o
    0x080022a6   0x080022a6   0x00000012   Code   RO         1950    i.TIM_ITRx_SetConfig  stm32f1xx_hal_tim.o
    0x080022b8   0x080022b8   0x00000060   Code   RO         1951    i.TIM_OC1_SetConfig  stm32f1xx_hal_tim.o
    0x08002318   0x08002318   0x00000068   Code   RO         1952    i.TIM_OC2_SetConfig  stm32f1xx_hal_tim.o
    0x08002380   0x08002380   0x00000068   Code   RO         1953    i.TIM_OC3_SetConfig  stm32f1xx_hal_tim.o
    0x080023e8   0x080023e8   0x00000048   Code   RO         1954    i.TIM_OC4_SetConfig  stm32f1xx_hal_tim.o
    0x08002430   0x08002430   0x00000026   Code   RO         1956    i.TIM_TI1_ConfigInputStage  stm32f1xx_hal_tim.o
    0x08002456   0x08002456   0x00000028   Code   RO         1958    i.TIM_TI2_ConfigInputStage  stm32f1xx_hal_tim.o
    0x0800247e   0x0800247e   0x0000006c   Code   RO         2880    i.UART_EndRxTransfer  stm32f1xx_hal_uart.o
    0x080024ea   0x080024ea   0x00000002   PAD
    0x080024ec   0x080024ec   0x000000fc   Code   RO         2884    i.UART_SetConfig    stm32f1xx_hal_uart.o
    0x080025e8   0x080025e8   0x0000008c   Code   RO         2888    i.UART_WaitOnFlagUntilTimeout  stm32f1xx_hal_uart.o
    0x08002674   0x08002674   0x00000004   Code   RO          393    i.UsageFault_Handler  stm32f1xx_it.o
    0x08002678   0x08002678   0x00000020   Code   RO         4585    i.__0printf$8       mc_w.l(printf8.o)
    0x08002698   0x08002698   0x00000010   Code   RO         1330    i.__NVIC_GetPriorityGrouping  stm32f1xx_hal_cortex.o
    0x080026a8   0x080026a8   0x00000028   Code   RO         1331    i.__NVIC_SetPriority  stm32f1xx_hal_cortex.o
    0x080026d0   0x080026d0   0x0000000e   Code   RO         4679    i.__scatterload_copy  mc_w.l(handlers.o)
    0x080026de   0x080026de   0x00000002   Code   RO         4680    i.__scatterload_null  mc_w.l(handlers.o)
    0x080026e0   0x080026e0   0x0000000e   Code   RO         4681    i.__scatterload_zeroinit  mc_w.l(handlers.o)
    0x080026ee   0x080026ee   0x00000002   PAD
    0x080026f0   0x080026f0   0x00000410   Code   RO         4592    i._printf_core      mc_w.l(printf8.o)
    0x08002b00   0x08002b00   0x00000024   Code   RO         4593    i._printf_post_padding  mc_w.l(printf8.o)
    0x08002b24   0x08002b24   0x0000002e   Code   RO         4594    i._printf_pre_padding  mc_w.l(printf8.o)
    0x08002b52   0x08002b52   0x00000002   PAD
    0x08002b54   0x08002b54   0x00000094   Code   RO         4130    i.com_task          app_freertos_task.o
    0x08002be8   0x08002be8   0x00000040   Code   RO         4131    i.flight_task       app_freertos_task.o
    0x08002c28   0x08002c28   0x0000001c   Code   RO         3237    i.fputc             com_debug.o
    0x08002c44   0x08002c44   0x0000010c   Code   RO         4286    i.int_SI24R1_Init   int_si24r1.o
    0x08002d50   0x08002d50   0x00000044   Code   RO         4288    i.int_SI24R1_Read_Buf  int_si24r1.o
    0x08002d94   0x08002d94   0x00000030   Code   RO         4289    i.int_SI24R1_Read_Reg  int_si24r1.o
    0x08002dc4   0x08002dc4   0x00000034   Code   RO         4290    i.int_SI24R1_RxPacket  int_si24r1.o
    0x08002df8   0x08002df8   0x00000030   Code   RO         4293    i.int_SI24R1_WRITE_REG  int_si24r1.o
    0x08002e28   0x08002e28   0x00000044   Code   RO         4294    i.int_SI24R1_Write_Buf  int_si24r1.o
    0x08002e6c   0x08002e6c   0x00000080   Code   RO           15    i.main              main.o
    0x08002eec   0x08002eec   0x00000026   Code   RO         4132    i.power_task        app_freertos_task.o
    0x08002f12   0x08002f12   0x00000002   PAD
    0x08002f14   0x08002f14   0x000000c0   Code   RO         3681    i.prvAddCurrentTaskToDelayedList  tasks.o
    0x08002fd4   0x08002fd4   0x000000e4   Code   RO         3682    i.prvAddNewTaskToReadyList  tasks.o
    0x080030b8   0x080030b8   0x00000048   Code   RO         3683    i.prvCheckTasksWaitingTermination  tasks.o
    0x08003100   0x08003100   0x00000012   Code   RO         3684    i.prvDeleteTCB      tasks.o
    0x08003112   0x08003112   0x00000002   PAD
    0x08003114   0x08003114   0x00000070   Code   RO         3993    i.prvHeapInit       heap_4.o
    0x08003184   0x08003184   0x00000028   Code   RO         3685    i.prvIdleTask       tasks.o
    0x080031ac   0x080031ac   0x0000007a   Code   RO         3686    i.prvInitialiseNewTask  tasks.o
    0x08003226   0x08003226   0x00000002   PAD
    0x08003228   0x08003228   0x00000068   Code   RO         3687    i.prvInitialiseTaskLists  tasks.o
    0x08003290   0x08003290   0x00000068   Code   RO         3994    i.prvInsertBlockIntoFreeList  heap_4.o
    0x080032f8   0x080032f8   0x00000030   Code   RO         3688    i.prvResetNextTaskUnblockTime  tasks.o
    0x08003328   0x08003328   0x00000016   Code   RO         4055    i.prvTaskExitError  port.o
    0x0800333e   0x0800333e   0x00000002   PAD
    0x08003340   0x08003340   0x000000e4   Code   RO         3996    i.pvPortMalloc      heap_4.o
    0x08003424   0x08003424   0x00000024   Code   RO         4056    i.pxPortInitialiseStack  port.o
    0x08003448   0x08003448   0x00000028   Code   RO         3362    i.uxListRemove      list.o
    0x08003470   0x08003470   0x0000001a   Code   RO         3363    i.vListInitialise   list.o
    0x0800348a   0x0800348a   0x00000006   Code   RO         3364    i.vListInitialiseItem  list.o
    0x08003490   0x08003490   0x00000034   Code   RO         3365    i.vListInsert       list.o
    0x080034c4   0x080034c4   0x00000024   Code   RO         4058    i.vPortEnterCritical  port.o
    0x080034e8   0x080034e8   0x00000020   Code   RO         4059    i.vPortExitCritical  port.o
    0x08003508   0x08003508   0x0000004c   Code   RO         3997    i.vPortFree         heap_4.o
    0x08003554   0x08003554   0x00000018   Code   RO         4060    i.vPortSetupTimerInterrupt  port.o
    0x0800356c   0x0800356c   0x00000034   Code   RO         3696    i.vTaskDelay        tasks.o
    0x080035a0   0x080035a0   0x0000006c   Code   RO         3708    i.vTaskStartScheduler  tasks.o
    0x0800360c   0x0800360c   0x00000010   Code   RO         3710    i.vTaskSuspendAll   tasks.o
    0x0800361c   0x0800361c   0x00000060   Code   RO         3711    i.vTaskSwitchContext  tasks.o
    0x0800367c   0x0800367c   0x00000034   Code   RO         4061    i.xPortStartScheduler  port.o
    0x080036b0   0x080036b0   0x00000034   Code   RO         4062    i.xPortSysTickHandler  port.o
    0x080036e4   0x080036e4   0x00000068   Code   RO         3714    i.xTaskCreate       tasks.o
    0x0800374c   0x0800374c   0x00000074   Code   RO         3715    i.xTaskDelayUntil   tasks.o
    0x080037c0   0x080037c0   0x00000020   Code   RO         3721    i.xTaskGetSchedulerState  tasks.o
    0x080037e0   0x080037e0   0x0000000c   Code   RO         3722    i.xTaskGetTickCount  tasks.o
    0x080037ec   0x080037ec   0x00000190   Code   RO         3724    i.xTaskIncrementTick  tasks.o
    0x0800397c   0x0800397c   0x0000015c   Code   RO         3726    i.xTaskResumeAll    tasks.o
    0x08003ad8   0x08003ad8   0x00000012   Data   RO         1024    .constdata          stm32f1xx_hal_rcc.o
    0x08003aea   0x08003aea   0x00000018   Data   RO         3202    .constdata          system_stm32f1xx.o
    0x08003b02   0x08003b02   0x00000002   PAD
    0x08003b04   0x08003b04   0x00000020   Data   RO         4677    Region$$Table       anon$$obj.o


    Execution Region RW_IRAM1 (Exec base: 0x20000000, Load base: 0x08003b24, Size: 0x00003770, Max: 0x00005000, ABSOLUTE)

    Exec Addr    Load Addr    Size         Type   Attr      Idx    E Section Name        Object

    0x20000000   0x08003b24   0x00000009   Data   RW          860    .data               stm32f1xx_hal.o
    0x20000009   0x08003b2d   0x00000003   PAD
    0x2000000c   0x08003b30   0x00000004   Data   RW         3203    .data               system_stm32f1xx.o
    0x20000010   0x08003b34   0x00000040   Data   RW         3729    .data               tasks.o
    0x20000050   0x08003b74   0x0000001c   Data   RW         4003    .data               heap_4.o
    0x2000006c   0x08003b90   0x00000004   Data   RW         4063    .data               port.o
    0x20000070   0x08003b94   0x00000052   Data   RW         4134    .data               app_freertos_task.o
    0x200000c2   0x08003be6   0x0000000a   Data   RW         4295    .data               int_si24r1.o
    0x200000cc   0x08003bf0   0x00000004   Data   RW         4653    .data               mc_w.l(stdout.o)
    0x200000d0        -       0x00000058   Zero   RW          240    .bss                spi.o
    0x20000128        -       0x00000120   Zero   RW          286    .bss                tim.o
    0x20000248        -       0x00000048   Zero   RW          348    .bss                usart.o
    0x20000290        -       0x000000c8   Zero   RW         3728    .bss                tasks.o
    0x20000358        -       0x00003000   Zero   RW         4002    .bss                heap_4.o
    0x20003358        -       0x00000011   Zero   RW         4133    .bss                app_freertos_task.o
    0x20003369   0x08003bf4   0x00000007   PAD
    0x20003370        -       0x00000400   Zero   RW            1    STACK               startup_stm32f103xb.o


==============================================================================

Image component sizes


      Code (inc. data)   RO Data    RW Data    ZI Data      Debug   Object Name

       630        194          0         82         17       4302   app_freertos_task.o
        28          6          0          0          0        496   com_debug.o
         0          0          0          0          0       2496   event_groups.o
       224         12          0          0          0        939   gpio.o
       520         58          0         28      12288       4395   heap_4.o
        36          6          0          0          0        440   int_ip5305t.o
        46          0          0          0          0       2006   int_led.o
       160         52          0          0          0       1182   int_motor.o
       584        140          0         10          0       4645   int_si24r1.o
       124          0          0          0          0       2457   list.o
       236         44          0          0          0     450560   main.o
       404         48          0          4          0       8672   port.o
       200         20          0          0         88       1573   spi.o
        36          8        236          0       1024        788   startup_stm32f103xb.o
       192         36          0          9          0       5777   stm32f1xx_hal.o
       272         22          0          0          0      28666   stm32f1xx_hal_cortex.o
       832         34          0          0          0       3229   stm32f1xx_hal_gpio.o
        84          8          0          0          0        866   stm32f1xx_hal_msp.o
      1748         98         18          0          0       5848   stm32f1xx_hal_rcc.o
      1058          6          0          0          0       4365   stm32f1xx_hal_spi.o
      1360         32          0          0          0      10222   stm32f1xx_hal_tim.o
       248         14          0          0          0       2080   stm32f1xx_hal_tim_ex.o
       808          4          0          0          0       4292   stm32f1xx_hal_uart.o
        42          0          0          0          0       2979   stm32f1xx_it.o
         2          0         24          4          0       1071   system_stm32f1xx.o
      2108        284          0         64        200      27022   tasks.o
      1160         74          0          0        288       4715   tim.o
       188         22          0          0         72       1602   usart.o

    ----------------------------------------------------------------------
     13352       1222        312        204      13984     587685   Object Totals
         0          0         32          0          0          0   (incl. Generated)
        22          0          2          3          7          0   (incl. Padding)

    ----------------------------------------------------------------------

      Code (inc. data)   RO Data    RW Data    ZI Data      Debug   Library Member Name

         0          0          0          0          0          0   entry.o
         0          0          0          0          0          0   entry10a.o
         0          0          0          0          0          0   entry11a.o
         8          4          0          0          0          0   entry2.o
         4          0          0          0          0          0   entry5.o
         0          0          0          0          0          0   entry7b.o
         0          0          0          0          0          0   entry8b.o
         8          4          0          0          0          0   entry9a.o
        30          0          0          0          0          0   handlers.o
        36          8          0          0          0         68   init.o
        30          0          0          0          0         68   llshl.o
        32          0          0          0          0         68   llushr.o
        36          0          0          0          0        108   memseta.o
      1154         54          0          0          0        352   printf8.o
         0          0          0          4          0          0   stdout.o
        32          0          0          0          0         68   strrchr.o
        98          0          0          0          0         92   uldiv.o

    ----------------------------------------------------------------------
      1476         70          0          4          0        824   Library Totals
         8          0          0          0          0          0   (incl. Padding)

    ----------------------------------------------------------------------

      Code (inc. data)   RO Data    RW Data    ZI Data      Debug   Library Name

      1468         70          0          4          0        824   mc_w.l

    ----------------------------------------------------------------------
      1476         70          0          4          0        824   Library Totals

    ----------------------------------------------------------------------

==============================================================================


      Code (inc. data)   RO Data    RW Data    ZI Data      Debug   

     14828       1292        312        208      13984     582317   Grand Totals
     14828       1292        312        208      13984     582317   ELF Image Totals
     14828       1292        312        208          0          0   ROM Totals

==============================================================================

    Total RO  Size (Code + RO Data)                15140 (  14.79kB)
    Total RW  Size (RW Data + ZI Data)             14192 (  13.86kB)
    Total ROM Size (Code + RO Data + RW Data)      15348 (  14.99kB)

==============================================================================

